../Core/lvgl/src/extra/widgets/span/lv_span.c:1078:13:refresh_self_size	8	static
../Core/lvgl/src/extra/widgets/span/lv_span.c:582:13:lv_spangroup_destructor	16	static
../Core/lvgl/src/extra/widgets/span/lv_span.c:569:13:lv_spangroup_constructor	8	static
../Core/lvgl/src/extra/widgets/span/../../../../src/core/../misc/lv_txt.h:163:20:_lv_txt_is_break_char	0	static
../Core/lvgl/src/extra/widgets/span/lv_span.c:669:13:lv_txt_get_snippet.constprop	48	static
../Core/lvgl/src/extra/widgets/span/lv_span.c:732:19:lv_span_get_style_text_letter_space	16	static
../Core/lvgl/src/extra/widgets/span/lv_span.c:718:26:lv_span_get_style_text_font	16	static
../Core/lvgl/src/extra/widgets/span/lv_span.c:94:12:lv_spangroup_create	8	static
../Core/lvgl/src/extra/widgets/span/lv_span.c:106:13:lv_spangroup_new_span	16	static
../Core/lvgl/src/extra/widgets/span/lv_span.c:132:6:lv_spangroup_del_span	24	static
../Core/lvgl/src/extra/widgets/span/lv_span.c:165:6:lv_span_set_text	16	static
../Core/lvgl/src/extra/widgets/span/lv_span.c:189:6:lv_span_set_text_static	16	static
../Core/lvgl/src/extra/widgets/span/lv_span.c:209:6:lv_spangroup_set_align	0	static
../Core/lvgl/src/extra/widgets/span/lv_span.c:219:6:lv_spangroup_set_overflow	4	static
../Core/lvgl/src/extra/widgets/span/lv_span.c:234:6:lv_spangroup_set_indent	0	static
../Core/lvgl/src/extra/widgets/span/lv_span.c:274:13:lv_spangroup_get_child	16	static
../Core/lvgl/src/extra/widgets/span/lv_span.c:316:10:lv_spangroup_get_child_cnt	0	static
../Core/lvgl/src/extra/widgets/span/lv_span.c:334:17:lv_spangroup_get_align	8	static
../Core/lvgl/src/extra/widgets/span/lv_span.c:344:20:lv_spangroup_get_overflow	0	static
../Core/lvgl/src/extra/widgets/span/lv_span.c:356:12:lv_spangroup_get_indent	0	static
../Core/lvgl/src/extra/widgets/span/lv_span.c:368:16:lv_spangroup_get_mode	0	static
../Core/lvgl/src/extra/widgets/span/lv_span.c:417:12:lv_spangroup_get_max_line_h	24	static
../Core/lvgl/src/extra/widgets/span/lv_span.c:439:12:lv_spangroup_get_expand_width	56	static
../Core/lvgl/src/extra/widgets/span/lv_span.c:472:12:lv_spangroup_get_expand_height	112	static
../Core/lvgl/src/extra/widgets/span/lv_span.c:598:13:lv_spangroup_event	224	static
../Core/lvgl/src/extra/widgets/span/lv_span.c:379:6:lv_spangroup_refr_mode	8	static
../Core/lvgl/src/extra/widgets/span/lv_span.c:250:6:lv_spangroup_set_mode	0	static
