Archive member included to satisfy reference by file (symbol)

C:/ST/STM32CubeIDE_1.4.0/STM32CubeIDE/plugins/com.st.stm32cube.ide.mcu.externaltools.gnu-tools-for-stm32.11.3.rel1.win32_1.1.1.202309131626/tools/bin/../lib/gcc/arm-none-eabi/11.3.1/../../../../arm-none-eabi/lib/thumb/v7e-m+fp/hard\libc_nano.a(libc_a-assert.o)
                              ./Core/lvgl/src/extra/libs/qrcode/qrcodegen.o (__assert_func)
C:/ST/STM32CubeIDE_1.4.0/STM32CubeIDE/plugins/com.st.stm32cube.ide.mcu.externaltools.gnu-tools-for-stm32.11.3.rel1.win32_1.1.1.202309131626/tools/bin/../lib/gcc/arm-none-eabi/11.3.1/../../../../arm-none-eabi/lib/thumb/v7e-m+fp/hard\libc_nano.a(libc_a-exit.o)
                              C:/ST/STM32CubeIDE_1.4.0/STM32CubeIDE/plugins/com.st.stm32cube.ide.mcu.externaltools.gnu-tools-for-stm32.11.3.rel1.win32_1.1.1.202309131626/tools/bin/../lib/gcc/arm-none-eabi/11.3.1/../../../../arm-none-eabi/lib/thumb/v7e-m+fp/hard/crt0.o (exit)
C:/ST/STM32CubeIDE_1.4.0/STM32CubeIDE/plugins/com.st.stm32cube.ide.mcu.externaltools.gnu-tools-for-stm32.11.3.rel1.win32_1.1.1.202309131626/tools/bin/../lib/gcc/arm-none-eabi/11.3.1/../../../../arm-none-eabi/lib/thumb/v7e-m+fp/hard\libc_nano.a(libc_a-malloc.o)
                              ./Core/Src/moving-median.o (malloc)
C:/ST/STM32CubeIDE_1.4.0/STM32CubeIDE/plugins/com.st.stm32cube.ide.mcu.externaltools.gnu-tools-for-stm32.11.3.rel1.win32_1.1.1.202309131626/tools/bin/../lib/gcc/arm-none-eabi/11.3.1/../../../../arm-none-eabi/lib/thumb/v7e-m+fp/hard\libc_nano.a(libc_a-mallocr.o)
                              C:/ST/STM32CubeIDE_1.4.0/STM32CubeIDE/plugins/com.st.stm32cube.ide.mcu.externaltools.gnu-tools-for-stm32.11.3.rel1.win32_1.1.1.202309131626/tools/bin/../lib/gcc/arm-none-eabi/11.3.1/../../../../arm-none-eabi/lib/thumb/v7e-m+fp/hard\libc_nano.a(libc_a-malloc.o) (_malloc_r)
C:/ST/STM32CubeIDE_1.4.0/STM32CubeIDE/plugins/com.st.stm32cube.ide.mcu.externaltools.gnu-tools-for-stm32.11.3.rel1.win32_1.1.1.202309131626/tools/bin/../lib/gcc/arm-none-eabi/11.3.1/../../../../arm-none-eabi/lib/thumb/v7e-m+fp/hard\libc_nano.a(libc_a-mlock.o)
                              C:/ST/STM32CubeIDE_1.4.0/STM32CubeIDE/plugins/com.st.stm32cube.ide.mcu.externaltools.gnu-tools-for-stm32.11.3.rel1.win32_1.1.1.202309131626/tools/bin/../lib/gcc/arm-none-eabi/11.3.1/../../../../arm-none-eabi/lib/thumb/v7e-m+fp/hard\libc_nano.a(libc_a-mallocr.o) (__malloc_lock)
C:/ST/STM32CubeIDE_1.4.0/STM32CubeIDE/plugins/com.st.stm32cube.ide.mcu.externaltools.gnu-tools-for-stm32.11.3.rel1.win32_1.1.1.202309131626/tools/bin/../lib/gcc/arm-none-eabi/11.3.1/../../../../arm-none-eabi/lib/thumb/v7e-m+fp/hard\libc_nano.a(libc_a-rand.o)
                              ./Core/lvgl/examples/widgets/list/lv_example_list_2.o (rand)
C:/ST/STM32CubeIDE_1.4.0/STM32CubeIDE/plugins/com.st.stm32cube.ide.mcu.externaltools.gnu-tools-for-stm32.11.3.rel1.win32_1.1.1.202309131626/tools/bin/../lib/gcc/arm-none-eabi/11.3.1/../../../../arm-none-eabi/lib/thumb/v7e-m+fp/hard\libc_nano.a(libc_a-findfp.o)
                              C:/ST/STM32CubeIDE_1.4.0/STM32CubeIDE/plugins/com.st.stm32cube.ide.mcu.externaltools.gnu-tools-for-stm32.11.3.rel1.win32_1.1.1.202309131626/tools/bin/../lib/gcc/arm-none-eabi/11.3.1/../../../../arm-none-eabi/lib/thumb/v7e-m+fp/hard\libc_nano.a(libc_a-exit.o) (__stdio_exit_handler)
C:/ST/STM32CubeIDE_1.4.0/STM32CubeIDE/plugins/com.st.stm32cube.ide.mcu.externaltools.gnu-tools-for-stm32.11.3.rel1.win32_1.1.1.202309131626/tools/bin/../lib/gcc/arm-none-eabi/11.3.1/../../../../arm-none-eabi/lib/thumb/v7e-m+fp/hard\libc_nano.a(libc_a-fprintf.o)
                              C:/ST/STM32CubeIDE_1.4.0/STM32CubeIDE/plugins/com.st.stm32cube.ide.mcu.externaltools.gnu-tools-for-stm32.11.3.rel1.win32_1.1.1.202309131626/tools/bin/../lib/gcc/arm-none-eabi/11.3.1/../../../../arm-none-eabi/lib/thumb/v7e-m+fp/hard\libc_nano.a(libc_a-assert.o) (fiprintf)
C:/ST/STM32CubeIDE_1.4.0/STM32CubeIDE/plugins/com.st.stm32cube.ide.mcu.externaltools.gnu-tools-for-stm32.11.3.rel1.win32_1.1.1.202309131626/tools/bin/../lib/gcc/arm-none-eabi/11.3.1/../../../../arm-none-eabi/lib/thumb/v7e-m+fp/hard\libc_nano.a(libc_a-fwalk.o)
                              C:/ST/STM32CubeIDE_1.4.0/STM32CubeIDE/plugins/com.st.stm32cube.ide.mcu.externaltools.gnu-tools-for-stm32.11.3.rel1.win32_1.1.1.202309131626/tools/bin/../lib/gcc/arm-none-eabi/11.3.1/../../../../arm-none-eabi/lib/thumb/v7e-m+fp/hard\libc_nano.a(libc_a-findfp.o) (_fwalk_sglue)
C:/ST/STM32CubeIDE_1.4.0/STM32CubeIDE/plugins/com.st.stm32cube.ide.mcu.externaltools.gnu-tools-for-stm32.11.3.rel1.win32_1.1.1.202309131626/tools/bin/../lib/gcc/arm-none-eabi/11.3.1/../../../../arm-none-eabi/lib/thumb/v7e-m+fp/hard\libc_nano.a(libc_a-sprintf.o)
                              ./Core/Src/menu.o (sprintf)
[...]
Memory Configuration

Name             Origin             Length             Attributes
CCMRAM           0x0000000010000000 0x0000000000010000 xrw
RAM              0x0000000020000000 0x0000000000020000 xrw
FLASH            0x0000000008000000 0x0000000000080000 xr
*default*        0x0000000000000000 0xffffffffffffffff

Linker script and memory map

LOAD C:/ST/STM32CubeIDE_1.4.0/STM32CubeIDE/plugins/com.st.stm32cube.ide.mcu.externaltools.gnu-tools-for-stm32.11.3.rel1.win32_1.1.1.202309131626/tools/bin/../lib/gcc/arm-none-eabi/11.3.1/thumb/v7e-m+fp/hard/crti.o
LOAD C:/ST/STM32CubeIDE_1.4.0/STM32CubeIDE/plugins/com.st.stm32cube.ide.mcu.externaltools.gnu-tools-for-stm32.11.3.rel1.win32_1.1.1.202309131626/tools/bin/../lib/gcc/arm-none-eabi/11.3.1/thumb/v7e-m+fp/hard/crtbegin.o
LOAD C:/ST/STM32CubeIDE_1.4.0/STM32CubeIDE/plugins/com.st.stm32cube.ide.mcu.externaltools.gnu-tools-for-stm32.11.3.rel1.win32_1.1.1.202309131626/tools/bin/../lib/gcc/arm-none-eabi/11.3.1/../../../../arm-none-eabi/lib/thumb/v7e-m+fp/hard/crt0.o
LOAD ./Core/Src/adc.o
LOAD ./Core/Src/exemple.o
LOAD ./Core/Src/flash.o
LOAD ./Core/Src/hardware.o
LOAD ./Core/Src/images.o
LOAD ./Core/Src/ina219.o
LOAD ./Core/Src/main.o
LOAD ./Core/Src/menu.o
LOAD ./Core/Src/moving-median.o
LOAD ./Core/Src/spi_ili9341.o
LOAD ./Core/Src/stm32f4xx_hal_msp.o
LOAD ./Core/Src/stm32f4xx_it.o
LOAD ./Core/Src/syscalls.o
LOAD ./Core/Src/sysmem.o
LOAD ./Core/Src/system_stm32f4xx.o
LOAD ./Core/Src/time.o
LOAD ./Core/Src/w25qxx.o
LOAD ./Core/Startup/startup_stm32f407vetx.o
LOAD ./Core/lvgl/examples/anim/lv_example_anim_1.o
LOAD ./Core/lvgl/examples/anim/lv_example_anim_2.o
LOAD ./Core/lvgl/examples/anim/lv_example_anim_3.o
LOAD ./Core/lvgl/examples/anim/lv_example_anim_timeline_1.o
LOAD ./Core/lvgl/examples/assets/animimg001.o
LOAD ./Core/lvgl/examples/assets/animimg002.o
LOAD ./Core/lvgl/examples/assets/animimg003.o
LOAD ./Core/lvgl/examples/assets/img_caret_down.o
LOAD ./Core/lvgl/examples/assets/img_cogwheel_alpha16.o
LOAD ./Core/lvgl/examples/assets/img_cogwheel_argb.o
LOAD ./Core/lvgl/examples/assets/img_cogwheel_chroma_keyed.o
LOAD ./Core/lvgl/examples/assets/img_cogwheel_indexed16.o
LOAD ./Core/lvgl/examples/assets/img_cogwheel_rgb.o
LOAD ./Core/lvgl/examples/assets/img_hand.o
LOAD ./Core/lvgl/examples/assets/img_skew_strip.o
LOAD ./Core/lvgl/examples/assets/img_star.o
LOAD ./Core/lvgl/examples/assets/imgbtn_left.o
LOAD ./Core/lvgl/examples/assets/imgbtn_mid.o
LOAD ./Core/lvgl/examples/assets/imgbtn_right.o
LOAD ./Core/lvgl/examples/event/lv_example_event_1.o
LOAD ./Core/lvgl/examples/event/lv_example_event_2.o
LOAD ./Core/lvgl/examples/event/lv_example_event_3.o
LOAD ./Core/lvgl/examples/get_started/lv_example_get_started_1.o
LOAD ./Core/lvgl/examples/get_started/lv_example_get_started_2.o
LOAD ./Core/lvgl/examples/get_started/lv_example_get_started_3.o
LOAD ./Core/lvgl/examples/layouts/flex/lv_example_flex_1.o
LOAD ./Core/lvgl/examples/layouts/flex/lv_example_flex_2.o
LOAD ./Core/lvgl/examples/layouts/flex/lv_example_flex_3.o
LOAD ./Core/lvgl/examples/layouts/flex/lv_example_flex_4.o
LOAD ./Core/lvgl/examples/layouts/flex/lv_example_flex_5.o
LOAD ./Core/lvgl/examples/layouts/flex/lv_example_flex_6.o
LOAD ./Core/lvgl/examples/layouts/grid/lv_example_grid_1.o
LOAD ./Core/lvgl/examples/layouts/grid/lv_example_grid_2.o
LOAD ./Core/lvgl/examples/layouts/grid/lv_example_grid_3.o
LOAD ./Core/lvgl/examples/layouts/grid/lv_example_grid_4.o
LOAD ./Core/lvgl/examples/layouts/grid/lv_example_grid_5.o
LOAD ./Core/lvgl/examples/layouts/grid/lv_example_grid_6.o
LOAD ./Core/lvgl/examples/libs/bmp/lv_example_bmp_1.o
LOAD ./Core/lvgl/examples/libs/freetype/lv_example_freetype_1.o
LOAD ./Core/lvgl/examples/libs/gif/img_bulb_gif.o
LOAD ./Core/lvgl/examples/libs/gif/lv_example_gif_1.o
LOAD ./Core/lvgl/examples/libs/png/img_wing_png.o
LOAD ./Core/lvgl/examples/libs/png/lv_example_png_1.o
LOAD ./Core/lvgl/examples/libs/qrcode/lv_example_qrcode_1.o
LOAD ./Core/lvgl/examples/libs/sjpg/lv_example_sjpg_1.o
LOAD ./Core/lvgl/examples/others/snapshot/lv_example_snapshot_1.o
LOAD ./Core/lvgl/examples/porting/lv_port_disp_template.o
LOAD ./Core/lvgl/examples/porting/lv_port_fs_template.o
LOAD ./Core/lvgl/examples/porting/lv_port_indev_template.o
LOAD ./Core/lvgl/examples/scroll/lv_example_scroll_1.o
LOAD ./Core/lvgl/examples/scroll/lv_example_scroll_2.o
LOAD ./Core/lvgl/examples/scroll/lv_example_scroll_3.o
LOAD ./Core/lvgl/examples/scroll/lv_example_scroll_4.o
LOAD ./Core/lvgl/examples/scroll/lv_example_scroll_5.o
LOAD ./Core/lvgl/examples/scroll/lv_example_scroll_6.o
LOAD ./Core/lvgl/examples/styles/lv_example_style_1.o
LOAD ./Core/lvgl/examples/styles/lv_example_style_10.o
LOAD ./Core/lvgl/examples/styles/lv_example_style_11.o
LOAD ./Core/lvgl/examples/styles/lv_example_style_12.o
LOAD ./Core/lvgl/examples/styles/lv_example_style_13.o
LOAD ./Core/lvgl/examples/styles/lv_example_style_14.o
LOAD ./Core/lvgl/examples/styles/lv_example_style_2.o
LOAD ./Core/lvgl/examples/styles/lv_example_style_3.o
LOAD ./Core/lvgl/examples/styles/lv_example_style_4.o
LOAD ./Core/lvgl/examples/styles/lv_example_style_5.o
LOAD ./Core/lvgl/examples/styles/lv_example_style_6.o
LOAD ./Core/lvgl/examples/styles/lv_example_style_7.o
LOAD ./Core/lvgl/examples/styles/lv_example_style_8.o
LOAD ./Core/lvgl/examples/styles/lv_example_style_9.o
LOAD ./Core/lvgl/examples/widgets/animimg/lv_example_animimg_1.o
LOAD ./Core/lvgl/examples/widgets/arc/lv_example_arc_1.o
LOAD ./Core/lvgl/examples/widgets/arc/lv_example_arc_2.o
LOAD ./Core/lvgl/examples/widgets/bar/lv_example_bar_1.o
LOAD ./Core/lvgl/examples/widgets/bar/lv_example_bar_2.o
LOAD ./Core/lvgl/examples/widgets/bar/lv_example_bar_3.o
LOAD ./Core/lvgl/examples/widgets/bar/lv_example_bar_4.o
LOAD ./Core/lvgl/examples/widgets/bar/lv_example_bar_5.o
LOAD ./Core/lvgl/examples/widgets/bar/lv_example_bar_6.o
LOAD ./Core/lvgl/examples/widgets/btn/lv_example_btn_1.o
LOAD ./Core/lvgl/examples/widgets/btn/lv_example_btn_2.o
LOAD ./Core/lvgl/examples/widgets/btn/lv_example_btn_3.o
LOAD ./Core/lvgl/examples/widgets/btnmatrix/lv_example_btnmatrix_1.o
LOAD ./Core/lvgl/examples/widgets/btnmatrix/lv_example_btnmatrix_2.o
LOAD ./Core/lvgl/examples/widgets/btnmatrix/lv_example_btnmatrix_3.o
LOAD ./Core/lvgl/examples/widgets/calendar/lv_example_calendar_1.o
LOAD ./Core/lvgl/examples/widgets/canvas/lv_example_canvas_1.o
LOAD ./Core/lvgl/examples/widgets/canvas/lv_example_canvas_2.o
LOAD ./Core/lvgl/examples/widgets/chart/lv_example_chart_1.o
LOAD ./Core/lvgl/examples/widgets/chart/lv_example_chart_2.o
LOAD ./Core/lvgl/examples/widgets/chart/lv_example_chart_3.o
LOAD ./Core/lvgl/examples/widgets/chart/lv_example_chart_4.o
LOAD ./Core/lvgl/examples/widgets/chart/lv_example_chart_5.o
LOAD ./Core/lvgl/examples/widgets/chart/lv_example_chart_6.o
LOAD ./Core/lvgl/examples/widgets/chart/lv_example_chart_7.o
LOAD ./Core/lvgl/examples/widgets/chart/lv_example_chart_8.o
LOAD ./Core/lvgl/examples/widgets/chart/lv_example_chart_9.o
LOAD ./Core/lvgl/examples/widgets/checkbox/lv_example_checkbox_1.o
LOAD ./Core/lvgl/examples/widgets/checkbox/lv_example_checkbox_2.o
LOAD ./Core/lvgl/examples/widgets/colorwheel/lv_example_colorwheel_1.o
LOAD ./Core/lvgl/examples/widgets/dropdown/lv_example_dropdown_1.o
LOAD ./Core/lvgl/examples/widgets/dropdown/lv_example_dropdown_2.o
LOAD ./Core/lvgl/examples/widgets/dropdown/lv_example_dropdown_3.o
LOAD ./Core/lvgl/examples/widgets/img/lv_example_img_1.o
LOAD ./Core/lvgl/examples/widgets/img/lv_example_img_2.o
LOAD ./Core/lvgl/examples/widgets/img/lv_example_img_3.o
LOAD ./Core/lvgl/examples/widgets/img/lv_example_img_4.o
LOAD ./Core/lvgl/examples/widgets/imgbtn/lv_example_imgbtn_1.o
LOAD ./Core/lvgl/examples/widgets/keyboard/lv_example_keyboard_1.o
LOAD ./Core/lvgl/examples/widgets/label/lv_example_label_1.o
LOAD ./Core/lvgl/examples/widgets/label/lv_example_label_2.o
LOAD ./Core/lvgl/examples/widgets/label/lv_example_label_3.o
LOAD ./Core/lvgl/examples/widgets/led/lv_example_led_1.o
LOAD ./Core/lvgl/examples/widgets/line/lv_example_line_1.o
LOAD ./Core/lvgl/examples/widgets/list/lv_example_list_1.o
LOAD ./Core/lvgl/examples/widgets/list/lv_example_list_2.o
LOAD ./Core/lvgl/examples/widgets/meter/lv_example_meter_1.o
LOAD ./Core/lvgl/examples/widgets/meter/lv_example_meter_2.o
LOAD ./Core/lvgl/examples/widgets/meter/lv_example_meter_3.o
LOAD ./Core/lvgl/examples/widgets/meter/lv_example_meter_4.o
LOAD ./Core/lvgl/examples/widgets/msgbox/lv_example_msgbox_1.o
LOAD ./Core/lvgl/examples/widgets/obj/lv_example_obj_1.o
LOAD ./Core/lvgl/examples/widgets/obj/lv_example_obj_2.o
LOAD ./Core/lvgl/examples/widgets/roller/lv_example_roller_1.o
LOAD ./Core/lvgl/examples/widgets/roller/lv_example_roller_2.o
LOAD ./Core/lvgl/examples/widgets/roller/lv_example_roller_3.o
LOAD ./Core/lvgl/examples/widgets/slider/lv_example_slider_1.o
LOAD ./Core/lvgl/examples/widgets/slider/lv_example_slider_2.o
LOAD ./Core/lvgl/examples/widgets/slider/lv_example_slider_3.o
LOAD ./Core/lvgl/examples/widgets/span/lv_example_span_1.o
LOAD ./Core/lvgl/examples/widgets/spinbox/lv_example_spinbox_1.o
LOAD ./Core/lvgl/examples/widgets/spinner/lv_example_spinner_1.o
LOAD ./Core/lvgl/examples/widgets/switch/lv_example_switch_1.o
LOAD ./Core/lvgl/examples/widgets/table/lv_example_table_1.o
LOAD ./Core/lvgl/examples/widgets/table/lv_example_table_2.o
LOAD ./Core/lvgl/examples/widgets/tabview/lv_example_tabview_1.o
LOAD ./Core/lvgl/examples/widgets/tabview/lv_example_tabview_2.o
LOAD ./Core/lvgl/examples/widgets/textarea/lv_example_textarea_1.o
LOAD ./Core/lvgl/examples/widgets/textarea/lv_example_textarea_2.o
LOAD ./Core/lvgl/examples/widgets/textarea/lv_example_textarea_3.o
LOAD ./Core/lvgl/examples/widgets/tileview/lv_example_tileview_1.o
LOAD ./Core/lvgl/examples/widgets/win/lv_example_win_1.o
LOAD ./Core/lvgl/lv_port_indev.o
LOAD ./Core/lvgl/rt-thread/lv_rt_thread_port.o
LOAD ./Core/lvgl/src/core/lv_disp.o
LOAD ./Core/lvgl/src/core/lv_event.o
LOAD ./Core/lvgl/src/core/lv_group.o
LOAD ./Core/lvgl/src/core/lv_indev.o
LOAD ./Core/lvgl/src/core/lv_indev_scroll.o
LOAD ./Core/lvgl/src/core/lv_obj.o
LOAD ./Core/lvgl/src/core/lv_obj_class.o
LOAD ./Core/lvgl/src/core/lv_obj_draw.o
LOAD ./Core/lvgl/src/core/lv_obj_pos.o
LOAD ./Core/lvgl/src/core/lv_obj_scroll.o
LOAD ./Core/lvgl/src/core/lv_obj_style.o
LOAD ./Core/lvgl/src/core/lv_obj_style_gen.o
LOAD ./Core/lvgl/src/core/lv_obj_tree.o
LOAD ./Core/lvgl/src/core/lv_refr.o
LOAD ./Core/lvgl/src/core/lv_theme.o
LOAD ./Core/lvgl/src/draw/lv_draw_arc.o
LOAD ./Core/lvgl/src/draw/lv_draw_blend.o
LOAD ./Core/lvgl/src/draw/lv_draw_img.o
LOAD ./Core/lvgl/src/draw/lv_draw_label.o
LOAD ./Core/lvgl/src/draw/lv_draw_line.o
LOAD ./Core/lvgl/src/draw/lv_draw_mask.o
LOAD ./Core/lvgl/src/draw/lv_draw_rect.o
LOAD ./Core/lvgl/src/draw/lv_draw_triangle.o
LOAD ./Core/lvgl/src/draw/lv_img_buf.o
LOAD ./Core/lvgl/src/draw/lv_img_cache.o
LOAD ./Core/lvgl/src/draw/lv_img_decoder.o
LOAD ./Core/lvgl/src/extra/layouts/flex/lv_flex.o
LOAD ./Core/lvgl/src/extra/layouts/grid/lv_grid.o
LOAD ./Core/lvgl/src/extra/libs/bmp/lv_bmp.o
LOAD ./Core/lvgl/src/extra/libs/freetype/lv_freetype.o
LOAD ./Core/lvgl/src/extra/libs/fsdrv/lv_fs_fatfs.o
LOAD ./Core/lvgl/src/extra/libs/fsdrv/lv_fs_posix.o
LOAD ./Core/lvgl/src/extra/libs/fsdrv/lv_fs_stdio.o
LOAD ./Core/lvgl/src/extra/libs/gif/gifdec.o
LOAD ./Core/lvgl/src/extra/libs/gif/lv_gif.o
LOAD ./Core/lvgl/src/extra/libs/png/lodepng.o
LOAD ./Core/lvgl/src/extra/libs/png/lv_png.o
LOAD ./Core/lvgl/src/extra/libs/qrcode/lv_qrcode.o
LOAD ./Core/lvgl/src/extra/libs/qrcode/qrcodegen.o
LOAD ./Core/lvgl/src/extra/libs/sjpg/lv_sjpg.o
LOAD ./Core/lvgl/src/extra/libs/sjpg/tjpgd.o
LOAD ./Core/lvgl/src/extra/lv_extra.o
LOAD ./Core/lvgl/src/extra/others/snapshot/lv_snapshot.o
LOAD ./Core/lvgl/src/extra/themes/basic/lv_theme_basic.o
LOAD ./Core/lvgl/src/extra/themes/default/lv_theme_default.o
LOAD ./Core/lvgl/src/extra/themes/mono/lv_theme_mono.o
LOAD ./Core/lvgl/src/extra/widgets/animimg/lv_animimg.o
LOAD ./Core/lvgl/src/extra/widgets/calendar/lv_calendar.o
LOAD ./Core/lvgl/src/extra/widgets/calendar/lv_calendar_header_arrow.o
LOAD ./Core/lvgl/src/extra/widgets/calendar/lv_calendar_header_dropdown.o
LOAD ./Core/lvgl/src/extra/widgets/chart/lv_chart.o
LOAD ./Core/lvgl/src/extra/widgets/colorwheel/lv_colorwheel.o
LOAD ./Core/lvgl/src/extra/widgets/imgbtn/lv_imgbtn.o
LOAD ./Core/lvgl/src/extra/widgets/keyboard/lv_keyboard.o
LOAD ./Core/lvgl/src/extra/widgets/led/lv_led.o
LOAD ./Core/lvgl/src/extra/widgets/list/lv_list.o
LOAD ./Core/lvgl/src/extra/widgets/meter/lv_meter.o
LOAD ./Core/lvgl/src/extra/widgets/msgbox/lv_msgbox.o
LOAD ./Core/lvgl/src/extra/widgets/span/lv_span.o
LOAD ./Core/lvgl/src/extra/widgets/spinbox/lv_spinbox.o
LOAD ./Core/lvgl/src/extra/widgets/spinner/lv_spinner.o
LOAD ./Core/lvgl/src/extra/widgets/tabview/lv_tabview.o
LOAD ./Core/lvgl/src/extra/widgets/tileview/lv_tileview.o
LOAD ./Core/lvgl/src/extra/widgets/win/lv_win.o
LOAD ./Core/lvgl/src/font/lv_font.o
LOAD ./Core/lvgl/src/font/lv_font_dejavu_16_persian_hebrew.o
LOAD ./Core/lvgl/src/font/lv_font_fmt_txt.o
LOAD ./Core/lvgl/src/font/lv_font_loader.o
LOAD ./Core/lvgl/src/font/lv_font_montserrat_10.o
LOAD ./Core/lvgl/src/font/lv_font_montserrat_12.o
LOAD ./Core/lvgl/src/font/lv_font_montserrat_12_subpx.o
LOAD ./Core/lvgl/src/font/lv_font_montserrat_14.o
LOAD ./Core/lvgl/src/font/lv_font_montserrat_16.o
LOAD ./Core/lvgl/src/font/lv_font_montserrat_18.o
LOAD ./Core/lvgl/src/font/lv_font_montserrat_20.o
LOAD ./Core/lvgl/src/font/lv_font_montserrat_22.o
LOAD ./Core/lvgl/src/font/lv_font_montserrat_24.o
LOAD ./Core/lvgl/src/font/lv_font_montserrat_26.o
LOAD ./Core/lvgl/src/font/lv_font_montserrat_28.o
LOAD ./Core/lvgl/src/font/lv_font_montserrat_28_compressed.o
LOAD ./Core/lvgl/src/font/lv_font_montserrat_30.o
LOAD ./Core/lvgl/src/font/lv_font_montserrat_32.o
LOAD ./Core/lvgl/src/font/lv_font_montserrat_34.o
LOAD ./Core/lvgl/src/font/lv_font_montserrat_36.o
LOAD ./Core/lvgl/src/font/lv_font_montserrat_38.o
LOAD ./Core/lvgl/src/font/lv_font_montserrat_40.o
LOAD ./Core/lvgl/src/font/lv_font_montserrat_42.o
LOAD ./Core/lvgl/src/font/lv_font_montserrat_44.o
LOAD ./Core/lvgl/src/font/lv_font_montserrat_46.o
LOAD ./Core/lvgl/src/font/lv_font_montserrat_48.o
LOAD ./Core/lvgl/src/font/lv_font_montserrat_8.o
LOAD ./Core/lvgl/src/font/lv_font_simsun_16_cjk.o
LOAD ./Core/lvgl/src/font/lv_font_unscii_16.o
LOAD ./Core/lvgl/src/font/lv_font_unscii_8.o
LOAD ./Core/lvgl/src/gpu/lv_gpu_nxp_pxp.o
LOAD ./Core/lvgl/src/gpu/lv_gpu_nxp_pxp_osa.o
LOAD ./Core/lvgl/src/gpu/lv_gpu_nxp_vglite.o
LOAD ./Core/lvgl/src/gpu/lv_gpu_sdl.o
LOAD ./Core/lvgl/src/gpu/lv_gpu_stm32_dma2d.o
LOAD ./Core/lvgl/src/gpu/sdl/lv_gpu_sdl_draw_arc.o
LOAD ./Core/lvgl/src/gpu/sdl/lv_gpu_sdl_draw_blend.o
LOAD ./Core/lvgl/src/gpu/sdl/lv_gpu_sdl_draw_img.o
LOAD ./Core/lvgl/src/gpu/sdl/lv_gpu_sdl_draw_label.o
LOAD ./Core/lvgl/src/gpu/sdl/lv_gpu_sdl_draw_line.o
LOAD ./Core/lvgl/src/gpu/sdl/lv_gpu_sdl_draw_rect.o
LOAD ./Core/lvgl/src/gpu/sdl/lv_gpu_sdl_lru.o
LOAD ./Core/lvgl/src/gpu/sdl/lv_gpu_sdl_mask.o
LOAD ./Core/lvgl/src/gpu/sdl/lv_gpu_sdl_stack_blur.o
LOAD ./Core/lvgl/src/gpu/sdl/lv_gpu_sdl_texture_cache.o
LOAD ./Core/lvgl/src/gpu/sdl/lv_gpu_sdl_utils.o
LOAD ./Core/lvgl/src/hal/lv_hal_disp.o
LOAD ./Core/lvgl/src/hal/lv_hal_indev.o
LOAD ./Core/lvgl/src/hal/lv_hal_tick.o
LOAD ./Core/lvgl/src/misc/lv_anim.o
LOAD ./Core/lvgl/src/misc/lv_anim_timeline.o
LOAD ./Core/lvgl/src/misc/lv_area.o
LOAD ./Core/lvgl/src/misc/lv_async.o
LOAD ./Core/lvgl/src/misc/lv_bidi.o
LOAD ./Core/lvgl/src/misc/lv_color.o
LOAD ./Core/lvgl/src/misc/lv_fs.o
LOAD ./Core/lvgl/src/misc/lv_gc.o
LOAD ./Core/lvgl/src/misc/lv_ll.o
LOAD ./Core/lvgl/src/misc/lv_log.o
LOAD ./Core/lvgl/src/misc/lv_math.o
LOAD ./Core/lvgl/src/misc/lv_mem.o
LOAD ./Core/lvgl/src/misc/lv_printf.o
LOAD ./Core/lvgl/src/misc/lv_style.o
LOAD ./Core/lvgl/src/misc/lv_style_gen.o
LOAD ./Core/lvgl/src/misc/lv_templ.o
LOAD ./Core/lvgl/src/misc/lv_timer.o
LOAD ./Core/lvgl/src/misc/lv_tlsf.o
LOAD ./Core/lvgl/src/misc/lv_txt.o
LOAD ./Core/lvgl/src/misc/lv_txt_ap.o
LOAD ./Core/lvgl/src/misc/lv_utils.o
LOAD ./Core/lvgl/src/widgets/lv_arc.o
LOAD ./Core/lvgl/src/widgets/lv_bar.o
LOAD ./Core/lvgl/src/widgets/lv_btn.o
LOAD ./Core/lvgl/src/widgets/lv_btnmatrix.o
LOAD ./Core/lvgl/src/widgets/lv_canvas.o
LOAD ./Core/lvgl/src/widgets/lv_checkbox.o
LOAD ./Core/lvgl/src/widgets/lv_dropdown.o
LOAD ./Core/lvgl/src/widgets/lv_img.o
LOAD ./Core/lvgl/src/widgets/lv_label.o
LOAD ./Core/lvgl/src/widgets/lv_line.o
LOAD ./Core/lvgl/src/widgets/lv_objx_templ.o
LOAD ./Core/lvgl/src/widgets/lv_roller.o
LOAD ./Core/lvgl/src/widgets/lv_slider.o
LOAD ./Core/lvgl/src/widgets/lv_switch.o
LOAD ./Core/lvgl/src/widgets/lv_table.o
LOAD ./Core/lvgl/src/widgets/lv_textarea.o
LOAD ./Core/lvgl/tests/src/lv_test_indev.o
LOAD ./Core/lvgl/tests/src/lv_test_init.o
LOAD ./Core/lvgl/tests/src/test_cases/_test_template.o
LOAD ./Core/lvgl/tests/src/test_cases/test_arc.o
LOAD ./Core/lvgl/tests/src/test_cases/test_checkbox.o
LOAD ./Core/lvgl/tests/src/test_cases/test_config.o
LOAD ./Core/lvgl/tests/src/test_cases/test_dropdown.o
LOAD ./Core/lvgl/tests/src/test_cases/test_font_loader.o
LOAD ./Core/lvgl/tests/src/test_cases/test_obj_tree.o
LOAD ./Core/lvgl/tests/src/test_cases/test_style.o
LOAD ./Core/lvgl/tests/src/test_cases/test_txt.o
LOAD ./Core/lvgl/tests/src/test_fonts/font_1.o
LOAD ./Core/lvgl/tests/src/test_fonts/font_2.o
LOAD ./Core/lvgl/tests/src/test_fonts/font_3.o
LOAD ./Core/lvgl/tests/unity/unity.o
LOAD ./Core/lvgl/tests/unity/unity_support.o
LOAD ./Drivers/STM32F4xx_HAL_Driver/Src/stm32f4xx_hal.o
LOAD ./Drivers/STM32F4xx_HAL_Driver/Src/stm32f4xx_hal_adc.o
LOAD ./Drivers/STM32F4xx_HAL_Driver/Src/stm32f4xx_hal_adc_ex.o
LOAD ./Drivers/STM32F4xx_HAL_Driver/Src/stm32f4xx_hal_cortex.o
LOAD ./Drivers/STM32F4xx_HAL_Driver/Src/stm32f4xx_hal_dac.o
LOAD ./Drivers/STM32F4xx_HAL_Driver/Src/stm32f4xx_hal_dac_ex.o
LOAD ./Drivers/STM32F4xx_HAL_Driver/Src/stm32f4xx_hal_dma.o
LOAD ./Drivers/STM32F4xx_HAL_Driver/Src/stm32f4xx_hal_dma_ex.o
LOAD ./Drivers/STM32F4xx_HAL_Driver/Src/stm32f4xx_hal_exti.o
LOAD ./Drivers/STM32F4xx_HAL_Driver/Src/stm32f4xx_hal_flash.o
LOAD ./Drivers/STM32F4xx_HAL_Driver/Src/stm32f4xx_hal_flash_ex.o
LOAD ./Drivers/STM32F4xx_HAL_Driver/Src/stm32f4xx_hal_flash_ramfunc.o
LOAD ./Drivers/STM32F4xx_HAL_Driver/Src/stm32f4xx_hal_gpio.o
LOAD ./Drivers/STM32F4xx_HAL_Driver/Src/stm32f4xx_hal_i2c.o
LOAD ./Drivers/STM32F4xx_HAL_Driver/Src/stm32f4xx_hal_i2c_ex.o
LOAD ./Drivers/STM32F4xx_HAL_Driver/Src/stm32f4xx_hal_pwr.o
LOAD ./Drivers/STM32F4xx_HAL_Driver/Src/stm32f4xx_hal_pwr_ex.o
LOAD ./Drivers/STM32F4xx_HAL_Driver/Src/stm32f4xx_hal_rcc.o
LOAD ./Drivers/STM32F4xx_HAL_Driver/Src/stm32f4xx_hal_rcc_ex.o
LOAD ./Drivers/STM32F4xx_HAL_Driver/Src/stm32f4xx_hal_rng.o
LOAD ./Drivers/STM32F4xx_HAL_Driver/Src/stm32f4xx_hal_rtc.o
LOAD ./Drivers/STM32F4xx_HAL_Driver/Src/stm32f4xx_hal_rtc_ex.o
LOAD ./Drivers/STM32F4xx_HAL_Driver/Src/stm32f4xx_hal_spi.o
LOAD ./Drivers/STM32F4xx_HAL_Driver/Src/stm32f4xx_hal_tim.o
LOAD ./Drivers/STM32F4xx_HAL_Driver/Src/stm32f4xx_hal_tim_ex.o
LOAD ./Drivers/STM32F4xx_HAL_Driver/Src/stm32f4xx_ll_adc.o
START GROUP
LOAD C:/ST/STM32CubeIDE_1.4.0/STM32CubeIDE/plugins/com.st.stm32cube.ide.mcu.externaltools.gnu-tools-for-stm32.11.3.rel1.win32_1.1.1.202309131626/tools/bin/../lib/gcc/arm-none-eabi/11.3.1/../../../../arm-none-eabi/lib/thumb/v7e-m+fp/hard\libc_nano.a
LOAD C:/ST/STM32CubeIDE_1.4.0/STM32CubeIDE/plugins/com.st.stm32cube.ide.mcu.externaltools.gnu-tools-for-stm32.11.3.rel1.win32_1.1.1.202309131626/tools/bin/../lib/gcc/arm-none-eabi/11.3.1/../../../../arm-none-eabi/lib/thumb/v7e-m+fp/hard\libm.a
END GROUP
START GROUP
LOAD C:/ST/STM32CubeIDE_1.4.0/STM32CubeIDE/plugins/com.st.stm32cube.ide.mcu.externaltools.gnu-tools-for-stm32.11.3.rel1.win32_1.1.1.202309131626/tools/bin/../lib/gcc/arm-none-eabi/11.3.1/thumb/v7e-m+fp/hard\libgcc.a
LOAD C:/ST/STM32CubeIDE_1.4.0/STM32CubeIDE/plugins/com.st.stm32cube.ide.mcu.externaltools.gnu-tools-for-stm32.11.3.rel1.win32_1.1.1.202309131626/tools/bin/../lib/gcc/arm-none-eabi/11.3.1/../../../../arm-none-eabi/lib/thumb/v7e-m+fp/hard\libc_nano.a
END GROUP
START GROUP
LOAD C:/ST/STM32CubeIDE_1.4.0/STM32CubeIDE/plugins/com.st.stm32cube.ide.mcu.externaltools.gnu-tools-for-stm32.11.3.rel1.win32_1.1.1.202309131626/tools/bin/../lib/gcc/arm-none-eabi/11.3.1/thumb/v7e-m+fp/hard\libgcc.a
LOAD C:/ST/STM32CubeIDE_1.4.0/STM32CubeIDE/plugins/com.st.stm32cube.ide.mcu.externaltools.gnu-tools-for-stm32.11.3.rel1.win32_1.1.1.202309131626/tools/bin/../lib/gcc/arm-none-eabi/11.3.1/../../../../arm-none-eabi/lib/thumb/v7e-m+fp/hard\libc_nano.a
LOAD C:/ST/STM32CubeIDE_1.4.0/STM32CubeIDE/plugins/com.st.stm32cube.ide.mcu.externaltools.gnu-tools-for-stm32.11.3.rel1.win32_1.1.1.202309131626/tools/bin/../lib/gcc/arm-none-eabi/11.3.1/../../../../arm-none-eabi/lib/thumb/v7e-m+fp/hard\libnosys.a
END GROUP
START GROUP
LOAD C:/ST/STM32CubeIDE_1.4.0/STM32CubeIDE/plugins/com.st.stm32cube.ide.mcu.externaltools.gnu-tools-for-stm32.11.3.rel1.win32_1.1.1.202309131626/tools/bin/../lib/gcc/arm-none-eabi/11.3.1/thumb/v7e-m+fp/hard\libgcc.a
LOAD C:/ST/STM32CubeIDE_1.4.0/STM32CubeIDE/plugins/com.st.stm32cube.ide.mcu.externaltools.gnu-tools-for-stm32.11.3.rel1.win32_1.1.1.202309131626/tools/bin/../lib/gcc/arm-none-eabi/11.3.1/../../../../arm-none-eabi/lib/thumb/v7e-m+fp/hard\libc_nano.a
LOAD C:/ST/STM32CubeIDE_1.4.0/STM32CubeIDE/plugins/com.st.stm32cube.ide.mcu.externaltools.gnu-tools-for-stm32.11.3.rel1.win32_1.1.1.202309131626/tools/bin/../lib/gcc/arm-none-eabi/11.3.1/../../../../arm-none-eabi/lib/thumb/v7e-m+fp/hard\libnosys.a
END GROUP
LOAD C:/ST/STM32CubeIDE_1.4.0/STM32CubeIDE/plugins/com.st.stm32cube.ide.mcu.externaltools.gnu-tools-for-stm32.11.3.rel1.win32_1.1.1.202309131626/tools/bin/../lib/gcc/arm-none-eabi/11.3.1/thumb/v7e-m+fp/hard/crtend.o
LOAD C:/ST/STM32CubeIDE_1.4.0/STM32CubeIDE/plugins/com.st.stm32cube.ide.mcu.externaltools.gnu-tools-for-stm32.11.3.rel1.win32_1.1.1.202309131626/tools/bin/../lib/gcc/arm-none-eabi/11.3.1/thumb/v7e-m+fp/hard/crtn.o
                0x0000000020020000                _estack = (ORIGIN (RAM) + LENGTH (RAM))
                0x0000000000000200                _Min_Heap_Size = 0x200
                0x0000000000000400                _Min_Stack_Size = 0x400

.isr_vector     0x0000000008000000      0x188
                0x0000000008000000                . = ALIGN (0x4)
 *(.isr_vector)
 .isr_vector    0x0000000008000000      0x188 ./Core/Startup/startup_stm32f407vetx.o
                0x0000000008000000                g_pfnVectors
                0x0000000008000188                . = ALIGN (0x4)

.text           0x0000000008000190    0x28f88
                0x0000000008000190                . = ALIGN (0x4)
 *(.text)
 .text          0x0000000008000190       0x40 C:/ST/STM32CubeIDE_1.4.0/STM32CubeIDE/plugins/com.st.stm32cube.ide.mcu.externaltools.gnu-tools-for-stm32.11.3.rel1.win32_1.1.1.202309131626/tools/bin/../lib/gcc/arm-none-eabi/11.3.1/thumb/v7e-m+fp/hard/crtbegin.o
 .text          0x00000000080001d0       0x14 C:/ST/STM32CubeIDE_1.4.0/STM32CubeIDE/plugins/com.st.stm32cube.ide.mcu.externaltools.gnu-tools-for-stm32.11.3.rel1.win32_1.1.1.202309131626/tools/bin/../lib/gcc/arm-none-eabi/11.3.1/../../../../arm-none-eabi/lib/thumb/v7e-m+fp/hard\libc_nano.a(libc_a-strcmp.o)
                0x00000000080001d0                strcmp
 .text          0x00000000080001e4       0x10 C:/ST/STM32CubeIDE_1.4.0/STM32CubeIDE/plugins/com.st.stm32cube.ide.mcu.externaltools.gnu-tools-for-stm32.11.3.rel1.win32_1.1.1.202309131626/tools/bin/../lib/gcc/arm-none-eabi/11.3.1/../../../../arm-none-eabi/lib/thumb/v7e-m+fp/hard\libc_nano.a(libc_a-strlen.o)
                0x00000000080001e4                strlen
 *fill*         0x00000000080001f4        0xc 
 .text          0x0000000008000200       0xa0 C:/ST/STM32CubeIDE_1.4.0/STM32CubeIDE/plugins/com.st.stm32cube.ide.mcu.externaltools.gnu-tools-for-stm32.11.3.rel1.win32_1.1.1.202309131626/tools/bin/../lib/gcc/arm-none-eabi/11.3.1/../../../../arm-none-eabi/lib/thumb/v7e-m+fp/hard\libc_nano.a(libc_a-memchr.o)
                0x0000000008000200                memchr
 .text          0x00000000080002a0      0x378 C:/ST/STM32CubeIDE_1.4.0/STM32CubeIDE/plugins/com.st.stm32cube.ide.mcu.externaltools.gnu-tools-for-stm32.11.3.rel1.win32_1.1.1.202309131626/tools/bin/../lib/gcc/arm-none-eabi/11.3.1/thumb/v7e-m+fp/hard\libgcc.a(_arm_addsubdf3.o)
                0x00000000080002a0                __aeabi_drsub
                0x00000000080002a8                __aeabi_dsub
                0x00000000080002a8                __subdf3
                0x00000000080002ac                __aeabi_dadd
                0x00000000080002ac                __adddf3
                0x0000000008000524                __floatunsidf
                0x0000000008000524                __aeabi_ui2d
                0x0000000008000544                __floatsidf
                0x0000000008000544                __aeabi_i2d
                0x0000000008000568                __aeabi_f2d
                0x0000000008000568                __extendsfdf2
                0x00000000080005ac                __floatundidf
                0x00000000080005ac                __aeabi_ul2d
                0x00000000080005bc                __floatdidf
                0x00000000080005bc                __aeabi_l2d
 .text          0x0000000008000618      0x424 C:/ST/STM32CubeIDE_1.4.0/STM32CubeIDE/plugins/com.st.stm32cube.ide.mcu.externaltools.gnu-tools-for-stm32.11.3.rel1.win32_1.1.1.202309131626/tools/bin/../lib/gcc/arm-none-eabi/11.3.1/thumb/v7e-m+fp/hard\libgcc.a(_arm_muldivdf3.o)
                0x0000000008000618                __aeabi_dmul
                0x0000000008000618                __muldf3
                0x000000000800086c                __divdf3
                0x000000000800086c                __aeabi_ddiv
 .text          0x0000000008000a3c      0x110 C:/ST/STM32CubeIDE_1.4.0/STM32CubeIDE/plugins/com.st.stm32cube.ide.mcu.externaltools.gnu-tools-for-stm32.11.3.rel1.win32_1.1.1.202309131626/tools/bin/../lib/gcc/arm-none-eabi/11.3.1/thumb/v7e-m+fp/hard\libgcc.a(_arm_cmpdf2.o)
                0x0000000008000a3c                __gtdf2
                0x0000000008000a3c                __gedf2
                0x0000000008000a44                __ltdf2
                0x0000000008000a44                __ledf2
                0x0000000008000a4c                __nedf2
                0x0000000008000a4c                __eqdf2
                0x0000000008000a4c                __cmpdf2
                0x0000000008000ac8                __aeabi_cdrcmple
                0x0000000008000ad8                __aeabi_cdcmpeq
                0x0000000008000ad8                __aeabi_cdcmple
                0x0000000008000ae8                __aeabi_dcmpeq
                0x0000000008000afc                __aeabi_dcmplt
                0x0000000008000b10                __aeabi_dcmple
                0x0000000008000b24                __aeabi_dcmpge
                0x0000000008000b38                __aeabi_dcmpgt
 .text          0x0000000008000b4c       0x50 C:/ST/STM32CubeIDE_1.4.0/STM32CubeIDE/plugins/com.st.stm32cube.ide.mcu.externaltools.gnu-tools-for-stm32.11.3.rel1.win32_1.1.1.202309131626/tools/bin/../lib/gcc/arm-none-eabi/11.3.1/thumb/v7e-m+fp/hard\libgcc.a(_arm_fixdfsi.o)
                0x0000000008000b4c                __aeabi_d2iz
                0x0000000008000b4c                __fixdfsi
 .text          0x0000000008000b9c       0x40 C:/ST/STM32CubeIDE_1.4.0/STM32CubeIDE/plugins/com.st.stm32cube.ide.mcu.externaltools.gnu-tools-for-stm32.11.3.rel1.win32_1.1.1.202309131626/tools/bin/../lib/gcc/arm-none-eabi/11.3.1/thumb/v7e-m+fp/hard\libgcc.a(_arm_fixunsdfsi.o)
                0x0000000008000b9c                __aeabi_d2uiz
                0x0000000008000b9c                __fixunsdfsi
 .text          0x0000000008000bdc       0xa0 C:/ST/STM32CubeIDE_1.4.0/STM32CubeIDE/plugins/com.st.stm32cube.ide.mcu.externaltools.gnu-tools-for-stm32.11.3.rel1.win32_1.1.1.202309131626/tools/bin/../lib/gcc/arm-none-eabi/11.3.1/thumb/v7e-m+fp/hard\libgcc.a(_arm_truncdfsf2.o)
                0x0000000008000bdc                __truncdfsf2
                0x0000000008000bdc                __aeabi_d2f
 .text          0x0000000008000c7c       0x30 C:/ST/STM32CubeIDE_1.4.0/STM32CubeIDE/plugins/com.st.stm32cube.ide.mcu.externaltools.gnu-tools-for-stm32.11.3.rel1.win32_1.1.1.202309131626/tools/bin/../lib/gcc/arm-none-eabi/11.3.1/thumb/v7e-m+fp/hard\libgcc.a(_aeabi_uldivmod.o)
                0x0000000008000c7c                __aeabi_uldivmod
 .text          0x0000000008000cac      0x2c8 C:/ST/STM32CubeIDE_1.4.0/STM32CubeIDE/plugins/com.st.stm32cube.ide.mcu.externaltools.gnu-tools-for-stm32.11.3.rel1.win32_1.1.1.202309131626/tools/bin/../lib/gcc/arm-none-eabi/11.3.1/thumb/v7e-m+fp/hard\libgcc.a(_udivmoddi4.o)
                0x0000000008000cac                __udivmoddi4
 .text          0x0000000008000f74        0x4 C:/ST/STM32CubeIDE_1.4.0/STM32CubeIDE/plugins/com.st.stm32cube.ide.mcu.externaltools.gnu-tools-for-stm32.11.3.rel1.win32_1.1.1.202309131626/tools/bin/../lib/gcc/arm-none-eabi/11.3.1/thumb/v7e-m+fp/hard\libgcc.a(_dvmd_tls.o)
                0x0000000008000f74                __aeabi_idiv0
                0x0000000008000f74                __aeabi_ldiv0
 *(.text*)
 .text.read_adc_mcuTemp
                0x0000000008000f78       0x8c ./Core/Src/adc.o
                0x0000000008000f78                read_adc_mcuTemp
 .text.read_adc_battery
                0x0000000008001004       0x7c ./Core/Src/adc.o
                0x0000000008001004                read_adc_battery
 .text.read_adc_y
                0x0000000008001080       0x44 ./Core/Src/adc.o
                0x0000000008001080                read_adc_y
 .text.read_adc_in1
                0x00000000080010c4       0x44 ./Core/Src/adc.o
                0x00000000080010c4                read_adc_in1
 .text.read_adc_in2
                0x0000000008001108       0x44 ./Core/Src/adc.o
                0x0000000008001108                read_adc_in2
 .text.read_adc_pt100
                0x000000000800114c       0x54 ./Core/Src/adc.o
                0x000000000800114c                read_adc_pt100
 .text.set_y    0x00000000080011a0       0x78 ./Core/Src/adc.o
                0x00000000080011a0                set_y
 .text.ini_adc_filter
                0x0000000008001218       0x5c ./Core/Src/adc.o
                0x0000000008001218                ini_adc_filter
 .text.adc_filter_loop
                0x0000000008001274       0x60 ./Core/Src/adc.o
                0x0000000008001274                adc_filter_loop
 .text.read_settings_from_flash
                0x00000000080012d4       0x1c ./Core/Src/flash.o
                0x00000000080012d4                read_settings_from_flash
 .text.write_settings_to_flash
                0x00000000080012f0       0x28 ./Core/Src/flash.o
                0x00000000080012f0                write_settings_to_flash
 .text.read_setting_brightness
                0x0000000008001318        0xc ./Core/Src/flash.o
                0x0000000008001318                read_setting_brightness
 .text.read_setting_volume
                0x0000000008001324        0xc ./Core/Src/flash.o
                0x0000000008001324                read_setting_volume
 .text.read_setting_vibration
                0x0000000008001330        0xc ./Core/Src/flash.o
                0x0000000008001330                read_setting_vibration
 .text.read_setting_standby
                0x000000000800133c        0xc ./Core/Src/flash.o
                0x000000000800133c                read_setting_standby
 .text.write_setting_brightness
                0x0000000008001348        0xc ./Core/Src/flash.o
                0x0000000008001348                write_setting_brightness
 .text.write_setting_volume
                0x0000000008001354        0xc ./Core/Src/flash.o
                0x0000000008001354                write_setting_volume
 .text.write_setting_vibration
                0x0000000008001360        0xc ./Core/Src/flash.o
                0x0000000008001360                write_setting_vibration
 .text.write_setting_standby
                0x000000000800136c        0xc ./Core/Src/flash.o
                0x000000000800136c                write_setting_standby
 .text.delay_mili
                0x0000000008001378       0x1e ./Core/Src/hardware.o
                0x0000000008001378                delay_mili
 *fill*         0x0000000008001396        0x2 
 .text.turn_on_buttons
                0x0000000008001398       0x10 ./Core/Src/hardware.o
                0x0000000008001398                turn_on_buttons
 .text.turn_off_buttons
                0x00000000080013a8       0x10 ./Core/Src/hardware.o
                0x00000000080013a8                turn_off_buttons
 .text.start_buzzer
                0x00000000080013b8       0x64 ./Core/Src/hardware.o
                0x00000000080013b8                start_buzzer
 .text.start_vibration
                0x000000000800141c       0x6c ./Core/Src/hardware.o
                0x000000000800141c                start_vibration
 .text.turn_on_24v_internal
                0x0000000008001488       0x10 ./Core/Src/hardware.o
                0x0000000008001488                turn_on_24v_internal
 .text.turn_off_24v_internal
                0x0000000008001498       0x10 ./Core/Src/hardware.o
                0x0000000008001498                turn_off_24v_internal
 .text.turn_off_24v_external
                0x00000000080014a8       0x10 ./Core/Src/hardware.o
                0x00000000080014a8                turn_off_24v_external
 .text.toggle_24v_external
                0x00000000080014b8       0x10 ./Core/Src/hardware.o
                0x00000000080014b8                toggle_24v_external
 .text.toggle_24v_internal
                0x00000000080014c8       0x10 ./Core/Src/hardware.o
                0x00000000080014c8                toggle_24v_internal
 .text.Read16   0x00000000080014d8       0x2a ./Core/Src/ina219.o
                0x00000000080014d8                Read16
 .text.Write16  0x0000000008001502       0x28 ./Core/Src/ina219.o
                0x0000000008001502                Write16
 .text.INA219_ReadBusVoltage
                0x000000000800152a       0x12 ./Core/Src/ina219.o
                0x000000000800152a                INA219_ReadBusVoltage
 .text.ina219_ReadBusVoltage
                0x000000000800153c       0x20 ./Core/Src/ina219.o
                0x000000000800153c                ina219_ReadBusVoltage
 .text.INA219_ReadCurrent_raw
                0x000000000800155c        0xc ./Core/Src/ina219.o
                0x000000000800155c                INA219_ReadCurrent_raw
 .text.INA219_ReadCurrent
                0x0000000008001568       0x18 ./Core/Src/ina219.o
                0x0000000008001568                INA219_ReadCurrent
 .text.INA219_Reset
                0x0000000008001580       0x16 ./Core/Src/ina219.o
                0x0000000008001580                INA219_Reset
 .text.INA219_setCalibration
                0x0000000008001596        0x8 ./Core/Src/ina219.o
                0x0000000008001596                INA219_setCalibration
 .text.INA219_setConfig
                0x000000000800159e        0x8 ./Core/Src/ina219.o
                0x000000000800159e                INA219_setConfig
 *fill*         0x00000000080015a6        0x2 
 .text.INA219_setCalibration_32V_1A
                0x00000000080015a8       0x38 ./Core/Src/ina219.o
                0x00000000080015a8                INA219_setCalibration_32V_1A
 .text.INA219_Init
                0x00000000080015e0       0x40 ./Core/Src/ina219.o
                0x00000000080015e0                INA219_Init
 .text.ini_ina219_filter
                0x0000000008001620       0x24 ./Core/Src/ina219.o
                0x0000000008001620                ini_ina219_filter
 .text.ina219_filter_loop
                0x0000000008001644       0x30 ./Core/Src/ina219.o
                0x0000000008001644                ina219_filter_loop
 .text.current_ina219
                0x0000000008001674        0xc ./Core/Src/ina219.o
                0x0000000008001674                current_ina219
 .text.ILI9341_disp_flush
                0x0000000008001680       0x58 ./Core/Src/main.o
 .text.SystemClock_Config
                0x00000000080016d8       0xa4 ./Core/Src/main.o
                0x00000000080016d8                SystemClock_Config
 .text.startup.main
                0x000000000800177c      0x4ec ./Core/Src/main.o
                0x000000000800177c                main
 .text.Error_Handler
                0x0000000008001c68        0x4 ./Core/Src/main.o
                0x0000000008001c68                Error_Handler
 .text.lv_obj_center
                0x0000000008001c6c        0xa ./Core/Src/menu.o
 *fill*         0x0000000008001c76        0x2 
 .text.event_handler_btn_2_actor
                0x0000000008001c78       0x4c ./Core/Src/menu.o
 .text.create_button
                0x0000000008001cc4       0x4e ./Core/Src/menu.o
 .text.create_label
                0x0000000008001d12       0x28 ./Core/Src/menu.o
 .text.lv_scr_act
                0x0000000008001d3a        0xe ./Core/Src/menu.o
 .text.event_handler_slider_4_settings
                0x0000000008001d48       0x44 ./Core/Src/menu.o
 .text.event_handler_slider_3_settings
                0x0000000008001d8c       0x54 ./Core/Src/menu.o
 .text.event_handler_slider_2_settings
                0x0000000008001de0       0x54 ./Core/Src/menu.o
 .text.event_handler_slider_1_settings
                0x0000000008001e34       0x54 ./Core/Src/menu.o
 .text.event_handler_btn_1_actor
                0x0000000008001e88       0x44 ./Core/Src/menu.o
 .text.event_handler_spinbox_2_btn_2_sensor
                0x0000000008001ecc       0x44 ./Core/Src/menu.o
 .text.event_handler_spinbox_1_btn_2_sensor
                0x0000000008001f10       0x44 ./Core/Src/menu.o
 .text.event_handler_spinbox_2_btn_1_sensor
                0x0000000008001f54       0x44 ./Core/Src/menu.o
 .text.event_handler_spinbox_1_btn_1_sensor
                0x0000000008001f98       0x44 ./Core/Src/menu.o
 .text.event_handler_btn_3_sensor
                0x0000000008001fdc       0x2a ./Core/Src/menu.o
 .text.event_handler_btn_3_actor
                0x0000000008002006       0x2e ./Core/Src/menu.o
 .text.event_handler_btn_1_actor_switch
                0x0000000008002034        0x4 ./Core/Src/menu.o
 .text.add_group_buttons.part.0.constprop.0
                0x0000000008002038       0x28 ./Core/Src/menu.o
 .text.create_slider.constprop.0
                0x0000000008002060       0x3c ./Core/Src/menu.o
 .text.create_conn.constprop.0
                0x000000000800209c       0x38 ./Core/Src/menu.o
 .text.draw_menu_actor_switch.part.0
                0x00000000080020d4       0xb0 ./Core/Src/menu.o
 .text.event_handler_btn_5_actor
                0x0000000008002184       0x3c ./Core/Src/menu.o
 .text.create_background_init.constprop.0
                0x00000000080021c0       0x30 ./Core/Src/menu.o
 .text.create_bar.constprop.0
                0x00000000080021f0       0x48 ./Core/Src/menu.o
 .text.create_text.constprop.0
                0x0000000008002238       0x4c ./Core/Src/menu.o
 .text.draw_pt100_menu.part.0
                0x0000000008002284      0x118 ./Core/Src/menu.o
 .text.event_handler_btn_5_sensor
                0x000000000800239c       0x34 ./Core/Src/menu.o
 .text.draw_spinbox_measure_range1_2.part.0
                0x00000000080023d0      0x1b8 ./Core/Src/menu.o
 .text.event_handler_btn_2_sensor
                0x0000000008002588       0x34 ./Core/Src/menu.o
 .text.event_handler_btn_1_sensor
                0x00000000080025bc       0x3c ./Core/Src/menu.o
 .text.print_value
                0x00000000080025f8       0x1e ./Core/Src/menu.o
                0x00000000080025f8                print_value
 *fill*         0x0000000008002616        0x2 
 .text.timer_3_cb
                0x0000000008002618       0x9c ./Core/Src/menu.o
 .text.print_value_bar
                0x00000000080026b4       0x22 ./Core/Src/menu.o
                0x00000000080026b4                print_value_bar
 *fill*         0x00000000080026d6        0x2 
 .text.timer_1_cb
                0x00000000080026d8       0x3c ./Core/Src/menu.o
 .text.check_values
                0x0000000008002714       0x42 ./Core/Src/menu.o
                0x0000000008002714                check_values
 *fill*         0x0000000008002756        0x2 
 .text.timer_4_cb
                0x0000000008002758      0x13c ./Core/Src/menu.o
 .text.timer_2_cb
                0x0000000008002894       0xe0 ./Core/Src/menu.o
 .text.standby_handler
                0x0000000008002974       0x80 ./Core/Src/menu.o
                0x0000000008002974                standby_handler
 .text.timer_0_cb
                0x00000000080029f4       0x44 ./Core/Src/menu.o
 .text.create_battery_bar
                0x0000000008002a38       0x48 ./Core/Src/menu.o
                0x0000000008002a38                create_battery_bar
 .text.create_temperature_bar
                0x0000000008002a80       0x44 ./Core/Src/menu.o
                0x0000000008002a80                create_temperature_bar
 .text.draw_menu_main
                0x0000000008002ac4       0x6c ./Core/Src/menu.o
                0x0000000008002ac4                draw_menu_main
 .text.event_handler_btn_4_sensor
                0x0000000008002b30       0x2e ./Core/Src/menu.o
 .text.event_handler_btn_4_actor
                0x0000000008002b5e       0x38 ./Core/Src/menu.o
 .text.event_handler_btn_1_settings
                0x0000000008002b96       0x2e ./Core/Src/menu.o
 .text.event_handler_btn_1_info
                0x0000000008002bc4       0x2a ./Core/Src/menu.o
 *fill*         0x0000000008002bee        0x2 
 .text.draw_menu_sensor
                0x0000000008002bf0       0x48 ./Core/Src/menu.o
                0x0000000008002bf0                draw_menu_sensor
 .text.event_handler_btn_1_main
                0x0000000008002c38       0x2a ./Core/Src/menu.o
 *fill*         0x0000000008002c62        0x2 
 .text.draw_pt100_menu
                0x0000000008002c64       0x54 ./Core/Src/menu.o
                0x0000000008002c64                draw_pt100_menu
 .text.event_handler_chart_pt100_btn_1_sensor
                0x0000000008002cb8       0x26 ./Core/Src/menu.o
 *fill*         0x0000000008002cde        0x2 
 .text.draw_spinbox_measure_range1_2
                0x0000000008002ce0       0x3c ./Core/Src/menu.o
                0x0000000008002ce0                draw_spinbox_measure_range1_2
 .text.event_handler_spinbox_1_2_btn_1_sensor
                0x0000000008002d1c       0xa8 ./Core/Src/menu.o
 .text.draw_menu_actor
                0x0000000008002dc4       0x48 ./Core/Src/menu.o
                0x0000000008002dc4                draw_menu_actor
 .text.event_handler_btn_2_main
                0x0000000008002e0c       0x2a ./Core/Src/menu.o
 *fill*         0x0000000008002e36        0x2 
 .text.draw_menu_actor_switch
                0x0000000008002e38       0x40 ./Core/Src/menu.o
                0x0000000008002e38                draw_menu_actor_switch
 .text.event_handler_btn_2_actor_switch
                0x0000000008002e78       0x40 ./Core/Src/menu.o
 .text.draw_menu_settings
                0x0000000008002eb8       0x48 ./Core/Src/menu.o
                0x0000000008002eb8                draw_menu_settings
 .text.event_handler_btn_3_main
                0x0000000008002f00       0x2e ./Core/Src/menu.o
 *fill*         0x0000000008002f2e        0x2 
 .text.draw_menu_info
                0x0000000008002f30       0x34 ./Core/Src/menu.o
                0x0000000008002f30                draw_menu_info
 .text.event_handler_btn_4_main
                0x0000000008002f64       0x2a ./Core/Src/menu.o
 *fill*         0x0000000008002f8e        0x2 
 .text.init_lv_objects
                0x0000000008002f90      0xa00 ./Core/Src/menu.o
                0x0000000008002f90                init_lv_objects
 .text.key_up   0x0000000008003990       0xa0 ./Core/Src/menu.o
                0x0000000008003990                key_up
 .text.key_down
                0x0000000008003a30       0xc4 ./Core/Src/menu.o
                0x0000000008003a30                key_down
 .text.key_left
                0x0000000008003af4       0x6c ./Core/Src/menu.o
                0x0000000008003af4                key_left
 .text.key_right
                0x0000000008003b60       0x38 ./Core/Src/menu.o
                0x0000000008003b60                key_right
 .text.moving_median_create
                0x0000000008003b98       0x30 ./Core/Src/moving-median.o
                0x0000000008003b98                moving_median_create
 .text.moving_median_filter
                0x0000000008003bc8       0x98 ./Core/Src/moving-median.o
                0x0000000008003bc8                moving_median_filter
 .text.ILI9341_WriteData
                0x0000000008003c60       0x3c ./Core/Src/spi_ili9341.o
 .text.ILI9341_SetBrightness
                0x0000000008003c9c       0x54 ./Core/Src/spi_ili9341.o
                0x0000000008003c9c                ILI9341_SetBrightness
 .text.ILI9341_SendCommand
                0x0000000008003cf0       0x30 ./Core/Src/spi_ili9341.o
                0x0000000008003cf0                ILI9341_SendCommand
 .text.ILI9341_SendData
                0x0000000008003d20       0x30 ./Core/Src/spi_ili9341.o
                0x0000000008003d20                ILI9341_SendData
 .text.ILI9341_reset
                0x0000000008003d50       0x28 ./Core/Src/spi_ili9341.o
                0x0000000008003d50                ILI9341_reset
 .text.ILI9341_Write_Command
                0x0000000008003d78       0x44 ./Core/Src/spi_ili9341.o
                0x0000000008003d78                ILI9341_Write_Command
 .text.ILI9341_Write_Data
                0x0000000008003dbc       0x44 ./Core/Src/spi_ili9341.o
                0x0000000008003dbc                ILI9341_Write_Data
 .text.ILI9341_Set_Address
                0x0000000008003e00       0x50 ./Core/Src/spi_ili9341.o
                0x0000000008003e00                ILI9341_Set_Address
 .text.ILI9341_SetRotation
                0x0000000008003e50       0x50 ./Core/Src/spi_ili9341.o
                0x0000000008003e50                ILI9341_SetRotation
 .text.ILI9341_ini
                0x0000000008003ea0      0x230 ./Core/Src/spi_ili9341.o
                0x0000000008003ea0                ILI9341_ini
 .text.HAL_MspInit
                0x00000000080040d0       0x38 ./Core/Src/stm32f4xx_hal_msp.o
                0x00000000080040d0                HAL_MspInit
 .text.HAL_ADC_MspInit
                0x0000000008004108       0xd8 ./Core/Src/stm32f4xx_hal_msp.o
                0x0000000008004108                HAL_ADC_MspInit
 .text.HAL_DAC_MspInit
                0x00000000080041e0       0x64 ./Core/Src/stm32f4xx_hal_msp.o
                0x00000000080041e0                HAL_DAC_MspInit
 .text.HAL_I2C_MspInit
                0x0000000008004244       0x6c ./Core/Src/stm32f4xx_hal_msp.o
                0x0000000008004244                HAL_I2C_MspInit
 .text.HAL_RNG_MspInit
                0x00000000080042b0       0x30 ./Core/Src/stm32f4xx_hal_msp.o
                0x00000000080042b0                HAL_RNG_MspInit
 .text.HAL_RTC_MspInit
                0x00000000080042e0       0x40 ./Core/Src/stm32f4xx_hal_msp.o
                0x00000000080042e0                HAL_RTC_MspInit
 .text.HAL_SPI_MspInit
                0x0000000008004320      0x148 ./Core/Src/stm32f4xx_hal_msp.o
                0x0000000008004320                HAL_SPI_MspInit
 .text.HAL_TIM_PWM_MspInit
                0x0000000008004468       0x54 ./Core/Src/stm32f4xx_hal_msp.o
                0x0000000008004468                HAL_TIM_PWM_MspInit
 .text.HAL_TIM_MspPostInit
                0x00000000080044bc       0x80 ./Core/Src/stm32f4xx_hal_msp.o
                0x00000000080044bc                HAL_TIM_MspPostInit
 .text.NMI_Handler
                0x000000000800453c        0x2 ./Core/Src/stm32f4xx_it.o
                0x000000000800453c                NMI_Handler
 .text.HardFault_Handler
                0x000000000800453e        0x2 ./Core/Src/stm32f4xx_it.o
                0x000000000800453e                HardFault_Handler
 .text.MemManage_Handler
                0x0000000008004540        0x2 ./Core/Src/stm32f4xx_it.o
                0x0000000008004540                MemManage_Handler
 .text.BusFault_Handler
                0x0000000008004542        0x2 ./Core/Src/stm32f4xx_it.o
                0x0000000008004542                BusFault_Handler
 .text.UsageFault_Handler
                0x0000000008004544        0x2 ./Core/Src/stm32f4xx_it.o
                0x0000000008004544                UsageFault_Handler
 .text.SVC_Handler
                0x0000000008004546        0x2 ./Core/Src/stm32f4xx_it.o
                0x0000000008004546                SVC_Handler
 .text.DebugMon_Handler
                0x0000000008004548        0x2 ./Core/Src/stm32f4xx_it.o
                0x0000000008004548                DebugMon_Handler
 .text.PendSV_Handler
                0x000000000800454a        0x2 ./Core/Src/stm32f4xx_it.o
                0x000000000800454a                PendSV_Handler
 .text.SysTick_Handler
                0x000000000800454c       0x10 ./Core/Src/stm32f4xx_it.o
                0x000000000800454c                SysTick_Handler
 .text.SPI1_IRQHandler
                0x000000000800455c        0xc ./Core/Src/stm32f4xx_it.o
                0x000000000800455c                SPI1_IRQHandler
 .text.DMA2_Stream0_IRQHandler
                0x0000000008004568        0xc ./Core/Src/stm32f4xx_it.o
                0x0000000008004568                DMA2_Stream0_IRQHandler
 .text.DMA2_Stream3_IRQHandler
                0x0000000008004574       0x18 ./Core/Src/stm32f4xx_it.o
                0x0000000008004574                DMA2_Stream3_IRQHandler
 .text._sbrk    0x000000000800458c       0x40 ./Core/Src/sysmem.o
                0x000000000800458c                _sbrk
 .text.SystemInit
                0x00000000080045cc       0x14 ./Core/Src/system_stm32f4xx.o
                0x00000000080045cc                SystemInit
 .text.W25qxx_Spi
                0x00000000080045e0       0x28 ./Core/Src/w25qxx.o
                0x00000000080045e0                W25qxx_Spi
 .text.W25qxx_ReadID
                0x0000000008004608       0x48 ./Core/Src/w25qxx.o
                0x0000000008004608                W25qxx_ReadID
 .text.W25qxx_ReadUniqID
                0x0000000008004650       0x58 ./Core/Src/w25qxx.o
                0x0000000008004650                W25qxx_ReadUniqID
 .text.W25qxx_WriteEnable
                0x00000000080046a8       0x2c ./Core/Src/w25qxx.o
                0x00000000080046a8                W25qxx_WriteEnable
 .text.W25qxx_ReadStatusRegister
                0x00000000080046d4       0x68 ./Core/Src/w25qxx.o
                0x00000000080046d4                W25qxx_ReadStatusRegister
 .text.W25qxx_WaitForWriteEnd
                0x000000000800473c       0x48 ./Core/Src/w25qxx.o
                0x000000000800473c                W25qxx_WaitForWriteEnd
 .text.W25qxx_Init
                0x0000000008004784       0xd8 ./Core/Src/w25qxx.o
                0x0000000008004784                W25qxx_Init
 .text.W25qxx_EraseSector
                0x000000000800485c       0x80 ./Core/Src/w25qxx.o
                0x000000000800485c                W25qxx_EraseSector
 .text.W25qxx_SectorToPage
                0x00000000080048dc       0x14 ./Core/Src/w25qxx.o
                0x00000000080048dc                W25qxx_SectorToPage
 .text.W25qxx_WritePage
                0x00000000080048f0       0xa8 ./Core/Src/w25qxx.o
                0x00000000080048f0                W25qxx_WritePage
 .text.W25qxx_WriteSector
                0x0000000008004998       0x6c ./Core/Src/w25qxx.o
                0x0000000008004998                W25qxx_WriteSector
 .text.W25qxx_ReadPage
                0x0000000008004a04       0xb0 ./Core/Src/w25qxx.o
                0x0000000008004a04                W25qxx_ReadPage
 .text.W25qxx_ReadSector
                0x0000000008004ab4       0x6c ./Core/Src/w25qxx.o
                0x0000000008004ab4                W25qxx_ReadSector
 .text.Reset_Handler
                0x0000000008004b20       0x50 ./Core/Startup/startup_stm32f407vetx.o
                0x0000000008004b20                Reset_Handler
 .text.Default_Handler
                0x0000000008004b70        0x2 ./Core/Startup/startup_stm32f407vetx.o
                0x0000000008004b70                RTC_Alarm_IRQHandler
                0x0000000008004b70                HASH_RNG_IRQHandler
                0x0000000008004b70                EXTI2_IRQHandler
                0x0000000008004b70                TIM8_CC_IRQHandler
                0x0000000008004b70                TIM1_CC_IRQHandler
                0x0000000008004b70                DMA2_Stream5_IRQHandler
                0x0000000008004b70                DMA1_Stream5_IRQHandler
                0x0000000008004b70                PVD_IRQHandler
                0x0000000008004b70                SDIO_IRQHandler
                0x0000000008004b70                TAMP_STAMP_IRQHandler
                0x0000000008004b70                CAN2_RX1_IRQHandler
                0x0000000008004b70                EXTI3_IRQHandler
                0x0000000008004b70                TIM8_TRG_COM_TIM14_IRQHandler
                0x0000000008004b70                TIM1_UP_TIM10_IRQHandler
                0x0000000008004b70                TIM8_UP_TIM13_IRQHandler
                0x0000000008004b70                I2C3_ER_IRQHandler
                0x0000000008004b70                EXTI0_IRQHandler
                0x0000000008004b70                I2C2_EV_IRQHandler
                0x0000000008004b70                DMA1_Stream2_IRQHandler
                0x0000000008004b70                CAN1_RX0_IRQHandler
                0x0000000008004b70                FPU_IRQHandler
                0x0000000008004b70                OTG_HS_WKUP_IRQHandler
                0x0000000008004b70                CAN2_SCE_IRQHandler
                0x0000000008004b70                DMA2_Stream2_IRQHandler
                0x0000000008004b70                TIM6_DAC_IRQHandler
                0x0000000008004b70                TIM1_BRK_TIM9_IRQHandler
                0x0000000008004b70                DCMI_IRQHandler
                0x0000000008004b70                CAN2_RX0_IRQHandler
                0x0000000008004b70                USART6_IRQHandler
                0x0000000008004b70                USART3_IRQHandler
                0x0000000008004b70                CAN1_RX1_IRQHandler
                0x0000000008004b70                UART5_IRQHandler
                0x0000000008004b70                TIM4_IRQHandler
                0x0000000008004b70                I2C1_EV_IRQHandler
                0x0000000008004b70                DMA1_Stream6_IRQHandler
                0x0000000008004b70                DMA1_Stream1_IRQHandler
                0x0000000008004b70                UART4_IRQHandler
                0x0000000008004b70                TIM3_IRQHandler
                0x0000000008004b70                RCC_IRQHandler
                0x0000000008004b70                TIM8_BRK_TIM12_IRQHandler
                0x0000000008004b70                Default_Handler
                0x0000000008004b70                EXTI15_10_IRQHandler
                0x0000000008004b70                ADC_IRQHandler
                0x0000000008004b70                DMA1_Stream7_IRQHandler
                0x0000000008004b70                TIM7_IRQHandler
                0x0000000008004b70                CAN2_TX_IRQHandler
                0x0000000008004b70                TIM5_IRQHandler
                0x0000000008004b70                DMA2_Stream7_IRQHandler
                0x0000000008004b70                I2C3_EV_IRQHandler
                0x0000000008004b70                EXTI9_5_IRQHandler
                0x0000000008004b70                RTC_WKUP_IRQHandler
                0x0000000008004b70                ETH_WKUP_IRQHandler
                0x0000000008004b70                SPI2_IRQHandler
                0x0000000008004b70                OTG_HS_EP1_IN_IRQHandler
                0x0000000008004b70                DMA1_Stream0_IRQHandler
                0x0000000008004b70                CAN1_TX_IRQHandler
                0x0000000008004b70                EXTI4_IRQHandler
                0x0000000008004b70                FSMC_IRQHandler
                0x0000000008004b70                ETH_IRQHandler
                0x0000000008004b70                OTG_HS_EP1_OUT_IRQHandler
                0x0000000008004b70                WWDG_IRQHandler
                0x0000000008004b70                TIM2_IRQHandler
                0x0000000008004b70                OTG_FS_WKUP_IRQHandler
                0x0000000008004b70                TIM1_TRG_COM_TIM11_IRQHandler
                0x0000000008004b70                OTG_HS_IRQHandler
                0x0000000008004b70                EXTI1_IRQHandler
                0x0000000008004b70                USART2_IRQHandler
                0x0000000008004b70                I2C2_ER_IRQHandler
                0x0000000008004b70                DMA2_Stream1_IRQHandler
                0x0000000008004b70                CAN1_SCE_IRQHandler
                0x0000000008004b70                FLASH_IRQHandler
                0x0000000008004b70                DMA2_Stream4_IRQHandler
                0x0000000008004b70                USART1_IRQHandler
                0x0000000008004b70                OTG_FS_IRQHandler
                0x0000000008004b70                SPI3_IRQHandler
                0x0000000008004b70                DMA1_Stream4_IRQHandler
                0x0000000008004b70                I2C1_ER_IRQHandler
                0x0000000008004b70                DMA2_Stream6_IRQHandler
                0x0000000008004b70                DMA1_Stream3_IRQHandler
 *fill*         0x0000000008004b72        0x2 
 .text.keypad_read
                0x0000000008004b74       0xa4 ./Core/lvgl/lv_port_indev.o
 .text.lv_port_indev_init
                0x0000000008004c18       0x2c ./Core/lvgl/lv_port_indev.o
                0x0000000008004c18                lv_port_indev_init
 .text.lv_disp_get_scr_act
                0x0000000008004c44        0xe ./Core/lvgl/src/core/lv_disp.o
                0x0000000008004c44                lv_disp_get_scr_act
 .text.lv_disp_get_scr_prev
                0x0000000008004c52        0xe ./Core/lvgl/src/core/lv_disp.o
                0x0000000008004c52                lv_disp_get_scr_prev
 .text.lv_disp_load_scr
                0x0000000008004c60       0x32 ./Core/lvgl/src/core/lv_disp.o
                0x0000000008004c60                lv_disp_load_scr
 .text.lv_disp_get_layer_top
                0x0000000008004c92        0xe ./Core/lvgl/src/core/lv_disp.o
                0x0000000008004c92                lv_disp_get_layer_top
 .text.lv_disp_get_layer_sys
                0x0000000008004ca0        0xe ./Core/lvgl/src/core/lv_disp.o
                0x0000000008004ca0                lv_disp_get_layer_sys
 .text.lv_disp_get_theme
                0x0000000008004cae        0xc ./Core/lvgl/src/core/lv_disp.o
                0x0000000008004cae                lv_disp_get_theme
 .text.lv_obj_event_base
                0x0000000008004cba       0x2a ./Core/lvgl/src/core/lv_event.o
                0x0000000008004cba                lv_obj_event_base
 .text.event_send_core
                0x0000000008004ce4       0xc8 ./Core/lvgl/src/core/lv_event.o
 .text.lv_event_send
                0x0000000008004dac       0x40 ./Core/lvgl/src/core/lv_event.o
                0x0000000008004dac                lv_event_send
 .text.lv_event_get_target
                0x0000000008004dec        0x4 ./Core/lvgl/src/core/lv_event.o
                0x0000000008004dec                lv_event_get_target
 .text.lv_event_get_code
                0x0000000008004df0        0x4 ./Core/lvgl/src/core/lv_event.o
                0x0000000008004df0                lv_event_get_code
 .text.lv_event_get_param
                0x0000000008004df4        0x4 ./Core/lvgl/src/core/lv_event.o
                0x0000000008004df4                lv_event_get_param
 .text.lv_event_get_user_data
                0x0000000008004df8        0x4 ./Core/lvgl/src/core/lv_event.o
                0x0000000008004df8                lv_event_get_user_data
 .text._lv_event_mark_deleted
                0x0000000008004dfc       0x24 ./Core/lvgl/src/core/lv_event.o
                0x0000000008004dfc                _lv_event_mark_deleted
 .text.lv_obj_add_event_cb
                0x0000000008004e20       0x54 ./Core/lvgl/src/core/lv_event.o
                0x0000000008004e20                lv_obj_add_event_cb
 .text.lv_event_get_indev
                0x0000000008004e74        0xe ./Core/lvgl/src/core/lv_event.o
                0x0000000008004e74                lv_event_get_indev
 .text.lv_event_set_ext_draw_size
                0x0000000008004e82       0x16 ./Core/lvgl/src/core/lv_event.o
                0x0000000008004e82                lv_event_set_ext_draw_size
 .text.get_indev
                0x0000000008004e98       0x4c ./Core/lvgl/src/core/lv_group.o
 .text.focus_next_core
                0x0000000008004ee4       0xe2 ./Core/lvgl/src/core/lv_group.o
 *fill*         0x0000000008004fc6        0x2 
 .text._lv_group_init
                0x0000000008004fc8        0xc ./Core/lvgl/src/core/lv_group.o
                0x0000000008004fc8                _lv_group_init
 .text.lv_group_create
                0x0000000008004fd4       0x30 ./Core/lvgl/src/core/lv_group.o
                0x0000000008004fd4                lv_group_create
 .text.lv_group_get_default
                0x0000000008005004        0xc ./Core/lvgl/src/core/lv_group.o
                0x0000000008005004                lv_group_get_default
 .text.lv_group_remove_all_objs
                0x0000000008005010       0x4a ./Core/lvgl/src/core/lv_group.o
                0x0000000008005010                lv_group_remove_all_objs
 *fill*         0x000000000800505a        0x2 
 .text.lv_group_focus_next
                0x000000000800505c       0x10 ./Core/lvgl/src/core/lv_group.o
                0x000000000800505c                lv_group_focus_next
 .text.lv_group_focus_prev
                0x000000000800506c       0x10 ./Core/lvgl/src/core/lv_group.o
                0x000000000800506c                lv_group_focus_prev
 .text.lv_group_refocus
                0x000000000800507c       0x28 ./Core/lvgl/src/core/lv_group.o
 .text.lv_group_add_obj
                0x00000000080050a4       0x6a ./Core/lvgl/src/core/lv_group.o
                0x00000000080050a4                lv_group_add_obj
 .text.lv_group_remove_obj
                0x000000000800510e       0x90 ./Core/lvgl/src/core/lv_group.o
                0x000000000800510e                lv_group_remove_obj
 .text.lv_group_get_focused
                0x000000000800519e        0xa ./Core/lvgl/src/core/lv_group.o
                0x000000000800519e                lv_group_get_focused
 .text.lv_group_send_data
                0x00000000080051a8       0x1c ./Core/lvgl/src/core/lv_group.o
                0x00000000080051a8                lv_group_send_data
 .text.lv_group_set_editing
                0x00000000080051c4       0x42 ./Core/lvgl/src/core/lv_group.o
                0x00000000080051c4                lv_group_set_editing
 .text.lv_group_focus_obj
                0x0000000008005206       0x8a ./Core/lvgl/src/core/lv_group.o
                0x0000000008005206                lv_group_focus_obj
 .text.lv_group_get_editing
                0x0000000008005290        0xa ./Core/lvgl/src/core/lv_group.o
                0x0000000008005290                lv_group_get_editing
 .text.lv_group_get_obj_count
                0x000000000800529a        0x4 ./Core/lvgl/src/core/lv_group.o
                0x000000000800529a                lv_group_get_obj_count
 *fill*         0x000000000800529e        0x2 
 .text.indev_reset_check
                0x00000000080052a0       0x18 ./Core/lvgl/src/core/lv_indev.o
 .text.indev_proc_release
                0x00000000080052b8       0x8c ./Core/lvgl/src/core/lv_indev.o
 .text.indev_proc_reset_query_handler
                0x0000000008005344       0x34 ./Core/lvgl/src/core/lv_indev.o
 .text.lv_indev_get_act
                0x0000000008005378        0xc ./Core/lvgl/src/core/lv_indev.o
                0x0000000008005378                lv_indev_get_act
 .text.lv_indev_get_type
                0x0000000008005384        0x8 ./Core/lvgl/src/core/lv_indev.o
                0x0000000008005384                lv_indev_get_type
 .text.lv_indev_reset
                0x000000000800538c       0x94 ./Core/lvgl/src/core/lv_indev.o
                0x000000000800538c                lv_indev_reset
 .text.lv_indev_reset_long_press
                0x0000000008005420       0x1a ./Core/lvgl/src/core/lv_indev.o
                0x0000000008005420                lv_indev_reset_long_press
 .text.lv_indev_set_group
                0x000000000800543a       0x10 ./Core/lvgl/src/core/lv_indev.o
                0x000000000800543a                lv_indev_set_group
 .text.lv_indev_get_point
                0x000000000800544a       0x2c ./Core/lvgl/src/core/lv_indev.o
                0x000000000800544a                lv_indev_get_point
 .text.lv_indev_get_scroll_dir
                0x0000000008005476       0x1c ./Core/lvgl/src/core/lv_indev.o
                0x0000000008005476                lv_indev_get_scroll_dir
 .text.lv_indev_get_scroll_obj
                0x0000000008005492       0x16 ./Core/lvgl/src/core/lv_indev.o
                0x0000000008005492                lv_indev_get_scroll_obj
 .text.lv_indev_get_vect
                0x00000000080054a8       0x22 ./Core/lvgl/src/core/lv_indev.o
                0x00000000080054a8                lv_indev_get_vect
 .text.lv_indev_wait_release
                0x00000000080054ca        0xc ./Core/lvgl/src/core/lv_indev.o
                0x00000000080054ca                lv_indev_wait_release
 *fill*         0x00000000080054d6        0x2 
 .text.lv_indev_get_obj_act
                0x00000000080054d8        0xc ./Core/lvgl/src/core/lv_indev.o
                0x00000000080054d8                lv_indev_get_obj_act
 .text.lv_indev_search_obj
                0x00000000080054e4       0x68 ./Core/lvgl/src/core/lv_indev.o
                0x00000000080054e4                lv_indev_search_obj
 .text.indev_proc_press
                0x000000000800554c      0x360 ./Core/lvgl/src/core/lv_indev.o
 .text.lv_indev_read_timer_cb
                0x00000000080058ac      0x6a4 ./Core/lvgl/src/core/lv_indev.o
                0x00000000080058ac                lv_indev_read_timer_cb
 .text.elastic_diff
                0x0000000008005f50      0x182 ./Core/lvgl/src/core/lv_indev_scroll.o
 .text.find_snap_point_y
                0x00000000080060d2      0x114 ./Core/lvgl/src/core/lv_indev_scroll.o
 .text.find_snap_point_x
                0x00000000080061e6      0x114 ./Core/lvgl/src/core/lv_indev_scroll.o
 *fill*         0x00000000080062fa        0x2 
 .text._lv_indev_scroll_handler
                0x00000000080062fc      0x43c ./Core/lvgl/src/core/lv_indev_scroll.o
                0x00000000080062fc                _lv_indev_scroll_handler
 .text._lv_indev_scroll_throw_handler
                0x0000000008006738      0x250 ./Core/lvgl/src/core/lv_indev_scroll.o
                0x0000000008006738                _lv_indev_scroll_throw_handler
 .text.lv_indev_scroll_throw_predict
                0x0000000008006988       0x36 ./Core/lvgl/src/core/lv_indev_scroll.o
                0x0000000008006988                lv_indev_scroll_throw_predict
 .text.lv_obj_constructor
                0x00000000080069be       0x74 ./Core/lvgl/src/core/lv_obj.o
 .text.lv_obj_set_state
                0x0000000008006a32      0x1fa ./Core/lvgl/src/core/lv_obj.o
 .text.lv_obj_draw
                0x0000000008006c2c      0x464 ./Core/lvgl/src/core/lv_obj.o
 .text.lv_init  0x0000000008007090       0x50 ./Core/lvgl/src/core/lv_obj.o
                0x0000000008007090                lv_init
 .text.lv_obj_create
                0x00000000080070e0       0x18 ./Core/lvgl/src/core/lv_obj.o
                0x00000000080070e0                lv_obj_create
 .text.lv_obj_add_flag
                0x00000000080070f8       0x64 ./Core/lvgl/src/core/lv_obj.o
                0x00000000080070f8                lv_obj_add_flag
 .text.lv_obj_clear_flag
                0x000000000800715c       0x72 ./Core/lvgl/src/core/lv_obj.o
                0x000000000800715c                lv_obj_clear_flag
 .text.lv_obj_add_state
                0x00000000080071ce       0x12 ./Core/lvgl/src/core/lv_obj.o
                0x00000000080071ce                lv_obj_add_state
 .text.lv_obj_clear_state
                0x00000000080071e0       0x12 ./Core/lvgl/src/core/lv_obj.o
                0x00000000080071e0                lv_obj_clear_state
 .text.lv_obj_has_flag
                0x00000000080071f2        0xc ./Core/lvgl/src/core/lv_obj.o
                0x00000000080071f2                lv_obj_has_flag
 .text.lv_obj_has_flag_any
                0x00000000080071fe        0xc ./Core/lvgl/src/core/lv_obj.o
                0x00000000080071fe                lv_obj_has_flag_any
 .text.lv_obj_get_state
                0x000000000800720a        0x4 ./Core/lvgl/src/core/lv_obj.o
                0x000000000800720a                lv_obj_get_state
 .text.lv_obj_get_group
                0x000000000800720e        0x8 ./Core/lvgl/src/core/lv_obj.o
                0x000000000800720e                lv_obj_get_group
 .text.lv_obj_event
                0x0000000008007216      0x344 ./Core/lvgl/src/core/lv_obj.o
 *fill*         0x000000000800755a        0x2 
 .text.lv_obj_destructor
                0x000000000800755c       0x68 ./Core/lvgl/src/core/lv_obj.o
 .text.lv_obj_allocate_spec_attr
                0x00000000080075c4       0x38 ./Core/lvgl/src/core/lv_obj.o
                0x00000000080075c4                lv_obj_allocate_spec_attr
 .text.lv_obj_check_type
                0x00000000080075fc        0xc ./Core/lvgl/src/core/lv_obj.o
                0x00000000080075fc                lv_obj_check_type
 .text.lv_obj_construct
                0x0000000008007608       0x22 ./Core/lvgl/src/core/lv_obj_class.o
 *fill*         0x000000000800762a        0x2 
 .text.lv_obj_class_create_obj
                0x000000000800762c       0xd8 ./Core/lvgl/src/core/lv_obj_class.o
                0x000000000800762c                lv_obj_class_create_obj
 .text._lv_obj_destruct
                0x0000000008007704       0x1a ./Core/lvgl/src/core/lv_obj_class.o
                0x0000000008007704                _lv_obj_destruct
 .text.lv_obj_is_editable
                0x000000000800771e       0x14 ./Core/lvgl/src/core/lv_obj_class.o
                0x000000000800771e                lv_obj_is_editable
 .text.lv_obj_is_group_def
                0x0000000008007732       0x14 ./Core/lvgl/src/core/lv_obj_class.o
                0x0000000008007732                lv_obj_is_group_def
 .text.lv_obj_class_init_obj
                0x0000000008007746       0x74 ./Core/lvgl/src/core/lv_obj_class.o
                0x0000000008007746                lv_obj_class_init_obj
 .text.lv_obj_get_style_opa
                0x00000000080077ba        0xe ./Core/lvgl/src/core/lv_obj_draw.o
 .text.lv_obj_get_style_blend_mode
                0x00000000080077c8        0xc ./Core/lvgl/src/core/lv_obj_draw.o
 .text.lv_obj_init_draw_rect_dsc
                0x00000000080077d4      0x27a ./Core/lvgl/src/core/lv_obj_draw.o
                0x00000000080077d4                lv_obj_init_draw_rect_dsc
 .text.lv_obj_init_draw_label_dsc
                0x0000000008007a4e       0xa2 ./Core/lvgl/src/core/lv_obj_draw.o
                0x0000000008007a4e                lv_obj_init_draw_label_dsc
 .text.lv_obj_init_draw_img_dsc
                0x0000000008007af0       0x92 ./Core/lvgl/src/core/lv_obj_draw.o
                0x0000000008007af0                lv_obj_init_draw_img_dsc
 .text.lv_obj_init_draw_line_dsc
                0x0000000008007b82       0xa0 ./Core/lvgl/src/core/lv_obj_draw.o
                0x0000000008007b82                lv_obj_init_draw_line_dsc
 .text.lv_obj_init_draw_arc_dsc
                0x0000000008007c22       0x8c ./Core/lvgl/src/core/lv_obj_draw.o
                0x0000000008007c22                lv_obj_init_draw_arc_dsc
 .text.lv_obj_calculate_ext_draw_size
                0x0000000008007cae       0xe2 ./Core/lvgl/src/core/lv_obj_draw.o
                0x0000000008007cae                lv_obj_calculate_ext_draw_size
 .text.lv_obj_draw_dsc_init
                0x0000000008007d90       0x10 ./Core/lvgl/src/core/lv_obj_draw.o
                0x0000000008007d90                lv_obj_draw_dsc_init
 .text._lv_obj_get_ext_draw_size
                0x0000000008007da0        0xa ./Core/lvgl/src/core/lv_obj_draw.o
                0x0000000008007da0                _lv_obj_get_ext_draw_size
 .text.lv_obj_refresh_ext_draw_size
                0x0000000008007daa       0x5a ./Core/lvgl/src/core/lv_obj_draw.o
                0x0000000008007daa                lv_obj_refresh_ext_draw_size
 .text.lv_obj_get_style_border_width.constprop.0
                0x0000000008007e04       0x10 ./Core/lvgl/src/core/lv_obj_pos.o
 .text.lv_obj_get_style_base_dir.constprop.0
                0x0000000008007e14       0x10 ./Core/lvgl/src/core/lv_obj_pos.o
 .text.lv_obj_get_style_pad_right.constprop.0
                0x0000000008007e24       0x10 ./Core/lvgl/src/core/lv_obj_pos.o
 .text.lv_obj_get_style_pad_left.constprop.0
                0x0000000008007e34       0x10 ./Core/lvgl/src/core/lv_obj_pos.o
 .text.lv_obj_get_style_pad_bottom.constprop.0
                0x0000000008007e44       0x10 ./Core/lvgl/src/core/lv_obj_pos.o
 .text.lv_obj_get_style_pad_top.constprop.0
                0x0000000008007e54       0x10 ./Core/lvgl/src/core/lv_obj_pos.o
 .text.lv_obj_set_width
                0x0000000008007e64       0x30 ./Core/lvgl/src/core/lv_obj_pos.o
                0x0000000008007e64                lv_obj_set_width
 .text.lv_obj_set_height
                0x0000000008007e94       0x30 ./Core/lvgl/src/core/lv_obj_pos.o
                0x0000000008007e94                lv_obj_set_height
 .text.lv_obj_set_size
                0x0000000008007ec4       0x16 ./Core/lvgl/src/core/lv_obj_pos.o
                0x0000000008007ec4                lv_obj_set_size
 *fill*         0x0000000008007eda        0x2 
 .text.lv_obj_is_layout_positioned
                0x0000000008007edc       0x34 ./Core/lvgl/src/core/lv_obj_pos.o
                0x0000000008007edc                lv_obj_is_layout_positioned
 .text.lv_obj_set_x
                0x0000000008007f10       0x38 ./Core/lvgl/src/core/lv_obj_pos.o
                0x0000000008007f10                lv_obj_set_x
 .text.lv_obj_set_y
                0x0000000008007f48       0x38 ./Core/lvgl/src/core/lv_obj_pos.o
                0x0000000008007f48                lv_obj_set_y
 .text.lv_obj_set_pos
                0x0000000008007f80       0x16 ./Core/lvgl/src/core/lv_obj_pos.o
                0x0000000008007f80                lv_obj_set_pos
 .text.lv_obj_mark_layout_as_dirty
                0x0000000008007f96       0x2c ./Core/lvgl/src/core/lv_obj_pos.o
                0x0000000008007f96                lv_obj_mark_layout_as_dirty
 *fill*         0x0000000008007fc2        0x2 
 .text.lv_layout_register
                0x0000000008007fc4       0x3c ./Core/lvgl/src/core/lv_obj_pos.o
                0x0000000008007fc4                lv_layout_register
 .text.lv_obj_align
                0x0000000008008000       0x1c ./Core/lvgl/src/core/lv_obj_pos.o
                0x0000000008008000                lv_obj_align
 .text.lv_obj_get_coords
                0x000000000800801c       0x1a ./Core/lvgl/src/core/lv_obj_pos.o
                0x000000000800801c                lv_obj_get_coords
 .text.lv_obj_get_x
                0x0000000008008036       0x38 ./Core/lvgl/src/core/lv_obj_pos.o
                0x0000000008008036                lv_obj_get_x
 .text.lv_obj_get_y
                0x000000000800806e       0x38 ./Core/lvgl/src/core/lv_obj_pos.o
                0x000000000800806e                lv_obj_get_y
 .text.lv_obj_get_y2
                0x00000000080080a6       0x16 ./Core/lvgl/src/core/lv_obj_pos.o
                0x00000000080080a6                lv_obj_get_y2
 .text.lv_obj_get_width
                0x00000000080080bc        0xc ./Core/lvgl/src/core/lv_obj_pos.o
                0x00000000080080bc                lv_obj_get_width
 .text.lv_obj_get_height
                0x00000000080080c8        0xc ./Core/lvgl/src/core/lv_obj_pos.o
                0x00000000080080c8                lv_obj_get_height
 .text.lv_obj_get_content_width
                0x00000000080080d4       0x2c ./Core/lvgl/src/core/lv_obj_pos.o
                0x00000000080080d4                lv_obj_get_content_width
 .text.lv_obj_get_content_height
                0x0000000008008100       0x2c ./Core/lvgl/src/core/lv_obj_pos.o
                0x0000000008008100                lv_obj_get_content_height
 .text.lv_obj_get_content_coords
                0x000000000800812c       0x60 ./Core/lvgl/src/core/lv_obj_pos.o
                0x000000000800812c                lv_obj_get_content_coords
 .text.lv_obj_get_self_width
                0x000000000800818c       0x1a ./Core/lvgl/src/core/lv_obj_pos.o
                0x000000000800818c                lv_obj_get_self_width
 .text.lv_obj_get_self_height
                0x00000000080081a6       0x1a ./Core/lvgl/src/core/lv_obj_pos.o
                0x00000000080081a6                lv_obj_get_self_height
 .text.lv_obj_refresh_self_size
                0x00000000080081c0       0x38 ./Core/lvgl/src/core/lv_obj_pos.o
                0x00000000080081c0                lv_obj_refresh_self_size
 .text.lv_obj_move_children_by
                0x00000000080081f8       0x6c ./Core/lvgl/src/core/lv_obj_pos.o
                0x00000000080081f8                lv_obj_move_children_by
 .text.lv_obj_area_is_visible
                0x0000000008008264       0xb2 ./Core/lvgl/src/core/lv_obj_pos.o
                0x0000000008008264                lv_obj_area_is_visible
 .text.lv_obj_invalidate_area
                0x0000000008008316       0x34 ./Core/lvgl/src/core/lv_obj_pos.o
                0x0000000008008316                lv_obj_invalidate_area
 .text.lv_obj_invalidate
                0x000000000800834a       0x3c ./Core/lvgl/src/core/lv_obj_pos.o
                0x000000000800834a                lv_obj_invalidate
 .text.lv_obj_move_to
                0x0000000008008386      0x132 ./Core/lvgl/src/core/lv_obj_pos.o
                0x0000000008008386                lv_obj_move_to
 .text.lv_obj_refr_pos
                0x00000000080084b8      0x280 ./Core/lvgl/src/core/lv_obj_pos.o
                0x00000000080084b8                lv_obj_refr_pos
 .text.lv_obj_is_visible
                0x0000000008008738       0x3c ./Core/lvgl/src/core/lv_obj_pos.o
                0x0000000008008738                lv_obj_is_visible
 .text.lv_obj_set_ext_click_area
                0x0000000008008774       0x10 ./Core/lvgl/src/core/lv_obj_pos.o
                0x0000000008008774                lv_obj_set_ext_click_area
 .text.lv_obj_get_click_area
                0x0000000008008784       0x32 ./Core/lvgl/src/core/lv_obj_pos.o
                0x0000000008008784                lv_obj_get_click_area
 .text.lv_obj_hit_test
                0x00000000080087b6       0x42 ./Core/lvgl/src/core/lv_obj_pos.o
                0x00000000080087b6                lv_obj_hit_test
 .text.lv_clamp_width
                0x00000000080087f8       0x64 ./Core/lvgl/src/core/lv_obj_pos.o
                0x00000000080087f8                lv_clamp_width
 .text.lv_obj_refr_size
                0x000000000800885c      0x4b4 ./Core/lvgl/src/core/lv_obj_pos.o
                0x000000000800885c                lv_obj_refr_size
 .text.layout_update_core
                0x0000000008008d10       0x7c ./Core/lvgl/src/core/lv_obj_pos.o
 .text.lv_obj_update_layout
                0x0000000008008d8c       0x34 ./Core/lvgl/src/core/lv_obj_pos.o
                0x0000000008008d8c                lv_obj_update_layout
 .text.lv_obj_align_to
                0x0000000008008dc0      0x3c8 ./Core/lvgl/src/core/lv_obj_pos.o
                0x0000000008008dc0                lv_obj_align_to
 .text.lv_obj_get_style_base_dir
                0x0000000008009188        0xe ./Core/lvgl/src/core/lv_obj_scroll.o
 .text.scroll_by_raw
                0x0000000008009196       0x46 ./Core/lvgl/src/core/lv_obj_scroll.o
 .text.scroll_anim_ready_cb
                0x00000000080091dc        0xa ./Core/lvgl/src/core/lv_obj_scroll.o
 .text.lv_obj_set_scrollbar_mode
                0x00000000080091e6       0x28 ./Core/lvgl/src/core/lv_obj_scroll.o
                0x00000000080091e6                lv_obj_set_scrollbar_mode
 .text.lv_obj_set_scroll_dir
                0x000000000800920e       0x1e ./Core/lvgl/src/core/lv_obj_scroll.o
                0x000000000800920e                lv_obj_set_scroll_dir
 .text.lv_obj_set_scroll_snap_x
                0x000000000800922c       0x16 ./Core/lvgl/src/core/lv_obj_scroll.o
                0x000000000800922c                lv_obj_set_scroll_snap_x
 .text.lv_obj_set_scroll_snap_y
                0x0000000008009242       0x16 ./Core/lvgl/src/core/lv_obj_scroll.o
                0x0000000008009242                lv_obj_set_scroll_snap_y
 .text.lv_obj_get_scrollbar_mode
                0x0000000008009258       0x10 ./Core/lvgl/src/core/lv_obj_scroll.o
                0x0000000008009258                lv_obj_get_scrollbar_mode
 .text.lv_obj_get_scroll_dir
                0x0000000008009268       0x10 ./Core/lvgl/src/core/lv_obj_scroll.o
                0x0000000008009268                lv_obj_get_scroll_dir
 .text.lv_obj_get_scroll_snap_x
                0x0000000008009278        0xc ./Core/lvgl/src/core/lv_obj_scroll.o
                0x0000000008009278                lv_obj_get_scroll_snap_x
 .text.lv_obj_get_scroll_snap_y
                0x0000000008009284        0xc ./Core/lvgl/src/core/lv_obj_scroll.o
                0x0000000008009284                lv_obj_get_scroll_snap_y
 .text.lv_obj_get_scroll_x
                0x0000000008009290        0xc ./Core/lvgl/src/core/lv_obj_scroll.o
                0x0000000008009290                lv_obj_get_scroll_x
 .text.scroll_x_anim
                0x000000000800929c       0x18 ./Core/lvgl/src/core/lv_obj_scroll.o
 .text.lv_obj_get_scroll_y
                0x00000000080092b4        0xc ./Core/lvgl/src/core/lv_obj_scroll.o
                0x00000000080092b4                lv_obj_get_scroll_y
 .text.scroll_y_anim
                0x00000000080092c0       0x18 ./Core/lvgl/src/core/lv_obj_scroll.o
 .text.lv_obj_get_scroll_top
                0x00000000080092d8        0x4 ./Core/lvgl/src/core/lv_obj_scroll.o
                0x00000000080092d8                lv_obj_get_scroll_top
 .text.lv_obj_get_scroll_bottom
                0x00000000080092dc       0xa4 ./Core/lvgl/src/core/lv_obj_scroll.o
                0x00000000080092dc                lv_obj_get_scroll_bottom
 .text.lv_obj_get_scroll_left
                0x0000000008009380       0xd0 ./Core/lvgl/src/core/lv_obj_scroll.o
                0x0000000008009380                lv_obj_get_scroll_left
 .text.lv_obj_get_scroll_right
                0x0000000008009450       0xb8 ./Core/lvgl/src/core/lv_obj_scroll.o
                0x0000000008009450                lv_obj_get_scroll_right
 .text.lv_obj_get_scroll_end
                0x0000000008009508       0x44 ./Core/lvgl/src/core/lv_obj_scroll.o
                0x0000000008009508                lv_obj_get_scroll_end
 .text.lv_obj_scroll_by
                0x000000000800954c      0x118 ./Core/lvgl/src/core/lv_obj_scroll.o
                0x000000000800954c                lv_obj_scroll_by
 .text.scroll_area_into_view
                0x0000000008009664      0x2c4 ./Core/lvgl/src/core/lv_obj_scroll.o
 .text.lv_obj_scroll_to_x
                0x0000000008009928       0x80 ./Core/lvgl/src/core/lv_obj_scroll.o
                0x0000000008009928                lv_obj_scroll_to_x
 .text.lv_obj_scroll_to_y
                0x00000000080099a8       0x50 ./Core/lvgl/src/core/lv_obj_scroll.o
                0x00000000080099a8                lv_obj_scroll_to_y
 .text.lv_obj_scroll_to
                0x00000000080099f8       0x1e ./Core/lvgl/src/core/lv_obj_scroll.o
                0x00000000080099f8                lv_obj_scroll_to
 .text.lv_obj_scroll_to_view_recursive
                0x0000000008009a16       0x36 ./Core/lvgl/src/core/lv_obj_scroll.o
                0x0000000008009a16                lv_obj_scroll_to_view_recursive
 .text.lv_obj_get_scrollbar_area
                0x0000000008009a4c      0x6b0 ./Core/lvgl/src/core/lv_obj_scroll.o
                0x0000000008009a4c                lv_obj_get_scrollbar_area
 .text.lv_obj_scrollbar_invalidate
                0x000000000800a0fc       0x40 ./Core/lvgl/src/core/lv_obj_scroll.o
                0x000000000800a0fc                lv_obj_scrollbar_invalidate
 .text.lv_obj_readjust_scroll
                0x000000000800a13c       0x94 ./Core/lvgl/src/core/lv_obj_scroll.o
                0x000000000800a13c                lv_obj_readjust_scroll
 .text.refresh_children_style
                0x000000000800a1d0       0x3a ./Core/lvgl/src/core/lv_obj_style.o
 .text.get_trans_style
                0x000000000800a20a       0x8a ./Core/lvgl/src/core/lv_obj_style.o
 .text.trans_del.isra.0
                0x000000000800a294       0xac ./Core/lvgl/src/core/lv_obj_style.o
 .text._lv_obj_style_init
                0x000000000800a340        0xc ./Core/lvgl/src/core/lv_obj_style.o
                0x000000000800a340                _lv_obj_style_init
 .text.lv_obj_enable_style_refresh
                0x000000000800a34c        0xc ./Core/lvgl/src/core/lv_obj_style.o
                0x000000000800a34c                lv_obj_enable_style_refresh
 .text.lv_obj_get_style_prop
                0x000000000800a358      0x186 ./Core/lvgl/src/core/lv_obj_style.o
                0x000000000800a358                lv_obj_get_style_prop
 .text.trans_anim_start_cb
                0x000000000800a4de       0x42 ./Core/lvgl/src/core/lv_obj_style.o
 .text.lv_obj_refresh_style
                0x000000000800a520       0xc4 ./Core/lvgl/src/core/lv_obj_style.o
                0x000000000800a520                lv_obj_refresh_style
 .text.lv_obj_add_style
                0x000000000800a5e4       0xb6 ./Core/lvgl/src/core/lv_obj_style.o
                0x000000000800a5e4                lv_obj_add_style
 .text.report_style_change_core
                0x000000000800a69a       0x52 ./Core/lvgl/src/core/lv_obj_style.o
 .text.lv_obj_report_style_change
                0x000000000800a6ec       0x38 ./Core/lvgl/src/core/lv_obj_style.o
                0x000000000800a6ec                lv_obj_report_style_change
 .text.trans_anim_cb
                0x000000000800a724      0x194 ./Core/lvgl/src/core/lv_obj_style.o
 .text.lv_obj_remove_style
                0x000000000800a8b8      0x102 ./Core/lvgl/src/core/lv_obj_style.o
                0x000000000800a8b8                lv_obj_remove_style
 *fill*         0x000000000800a9ba        0x2 
 .text.trans_anim_ready_cb
                0x000000000800a9bc       0xa8 ./Core/lvgl/src/core/lv_obj_style.o
 .text.lv_obj_set_local_style_prop
                0x000000000800aa64       0xdc ./Core/lvgl/src/core/lv_obj_style.o
                0x000000000800aa64                lv_obj_set_local_style_prop
 .text.lv_obj_get_local_style_prop
                0x000000000800ab40       0x36 ./Core/lvgl/src/core/lv_obj_style.o
                0x000000000800ab40                lv_obj_get_local_style_prop
 .text.lv_obj_remove_local_style_prop
                0x000000000800ab76       0x3c ./Core/lvgl/src/core/lv_obj_style.o
                0x000000000800ab76                lv_obj_remove_local_style_prop
 *fill*         0x000000000800abb2        0x2 
 .text._lv_obj_style_create_transition
                0x000000000800abb4      0x144 ./Core/lvgl/src/core/lv_obj_style.o
                0x000000000800abb4                _lv_obj_style_create_transition
 .text._lv_obj_style_state_compare
                0x000000000800acf8      0x248 ./Core/lvgl/src/core/lv_obj_style.o
                0x000000000800acf8                _lv_obj_style_state_compare
 .text.lv_obj_style_get_selector_state
                0x000000000800af40        0x4 ./Core/lvgl/src/core/lv_obj_style.o
                0x000000000800af40                lv_obj_style_get_selector_state
 .text.lv_obj_style_get_selector_part
                0x000000000800af44        0x6 ./Core/lvgl/src/core/lv_obj_style.o
                0x000000000800af44                lv_obj_style_get_selector_part
 .text.lv_obj_calculate_style_text_align
                0x000000000800af4a       0x26 ./Core/lvgl/src/core/lv_obj_style.o
                0x000000000800af4a                lv_obj_calculate_style_text_align
 .text.lv_obj_set_style_width
                0x000000000800af70        0xc ./Core/lvgl/src/core/lv_obj_style_gen.o
                0x000000000800af70                lv_obj_set_style_width
 .text.lv_obj_set_style_min_width
                0x000000000800af7c        0xc ./Core/lvgl/src/core/lv_obj_style_gen.o
                0x000000000800af7c                lv_obj_set_style_min_width
 .text.lv_obj_set_style_height
                0x000000000800af88        0xc ./Core/lvgl/src/core/lv_obj_style_gen.o
                0x000000000800af88                lv_obj_set_style_height
 .text.lv_obj_set_style_x
                0x000000000800af94        0xc ./Core/lvgl/src/core/lv_obj_style_gen.o
                0x000000000800af94                lv_obj_set_style_x
 .text.lv_obj_set_style_y
                0x000000000800afa0        0xc ./Core/lvgl/src/core/lv_obj_style_gen.o
                0x000000000800afa0                lv_obj_set_style_y
 .text.lv_obj_set_style_align
                0x000000000800afac        0xc ./Core/lvgl/src/core/lv_obj_style_gen.o
                0x000000000800afac                lv_obj_set_style_align
 .text.lv_obj_set_style_pad_top
                0x000000000800afb8        0xc ./Core/lvgl/src/core/lv_obj_style_gen.o
                0x000000000800afb8                lv_obj_set_style_pad_top
 .text.lv_obj_set_style_pad_bottom
                0x000000000800afc4        0xc ./Core/lvgl/src/core/lv_obj_style_gen.o
                0x000000000800afc4                lv_obj_set_style_pad_bottom
 .text.lv_obj_set_style_pad_left
                0x000000000800afd0        0xc ./Core/lvgl/src/core/lv_obj_style_gen.o
                0x000000000800afd0                lv_obj_set_style_pad_left
 .text.lv_obj_set_style_pad_right
                0x000000000800afdc        0xc ./Core/lvgl/src/core/lv_obj_style_gen.o
                0x000000000800afdc                lv_obj_set_style_pad_right
 .text.lv_obj_set_style_pad_column
                0x000000000800afe8        0xc ./Core/lvgl/src/core/lv_obj_style_gen.o
                0x000000000800afe8                lv_obj_set_style_pad_column
 .text.lv_obj_set_style_radius
                0x000000000800aff4        0xa ./Core/lvgl/src/core/lv_obj_style_gen.o
                0x000000000800aff4                lv_obj_set_style_radius
 .text.lv_obj_set_style_layout
                0x000000000800affe        0xc ./Core/lvgl/src/core/lv_obj_style_gen.o
                0x000000000800affe                lv_obj_set_style_layout
 .text.lv_obj_set_style_base_dir
                0x000000000800b00a        0xc ./Core/lvgl/src/core/lv_obj_style_gen.o
                0x000000000800b00a                lv_obj_set_style_base_dir
 .text.lv_obj_set_style_bg_img_src
                0x000000000800b016        0xc ./Core/lvgl/src/core/lv_obj_style_gen.o
                0x000000000800b016                lv_obj_set_style_bg_img_src
 .text.lv_obj_set_style_text_align
                0x000000000800b022        0xc ./Core/lvgl/src/core/lv_obj_style_gen.o
                0x000000000800b022                lv_obj_set_style_text_align
 *fill*         0x000000000800b02e        0x2 
 .text.lv_obj_del_async
                0x000000000800b030        0xc ./Core/lvgl/src/core/lv_obj_tree.o
                0x000000000800b030                lv_obj_del_async
 .text.lv_obj_get_screen
                0x000000000800b03c        0xc ./Core/lvgl/src/core/lv_obj_tree.o
                0x000000000800b03c                lv_obj_get_screen
 .text.lv_obj_get_disp
                0x000000000800b048       0x40 ./Core/lvgl/src/core/lv_obj_tree.o
                0x000000000800b048                lv_obj_get_disp
 .text.lv_obj_get_parent
                0x000000000800b088        0x6 ./Core/lvgl/src/core/lv_obj_tree.o
                0x000000000800b088                lv_obj_get_parent
 .text.lv_obj_get_child
                0x000000000800b08e       0x1e ./Core/lvgl/src/core/lv_obj_tree.o
                0x000000000800b08e                lv_obj_get_child
 .text.lv_obj_get_child_cnt
                0x000000000800b0ac        0x8 ./Core/lvgl/src/core/lv_obj_tree.o
                0x000000000800b0ac                lv_obj_get_child_cnt
 .text.lv_obj_get_index
                0x000000000800b0b4       0x38 ./Core/lvgl/src/core/lv_obj_tree.o
                0x000000000800b0b4                lv_obj_get_index
 .text.obj_del_core
                0x000000000800b0ec       0xfa ./Core/lvgl/src/core/lv_obj_tree.o
 .text.lv_obj_del
                0x000000000800b1e6       0x62 ./Core/lvgl/src/core/lv_obj_tree.o
                0x000000000800b1e6                lv_obj_del
 .text.lv_obj_del_async_cb
                0x000000000800b248        0x4 ./Core/lvgl/src/core/lv_obj_tree.o
 .text.call_flush_cb
                0x000000000800b24c       0x30 ./Core/lvgl/src/core/lv_refr.o
 .text.lv_refr_get_top_obj
                0x000000000800b27c       0x6c ./Core/lvgl/src/core/lv_refr.o
 .text.lv_refr_obj
                0x000000000800b2e8      0x114 ./Core/lvgl/src/core/lv_refr.o
 .text.lv_refr_obj_and_children
                0x000000000800b3fc       0x8c ./Core/lvgl/src/core/lv_refr.o
 .text.draw_buf_flush
                0x000000000800b488      0x3ec ./Core/lvgl/src/core/lv_refr.o
 .text.lv_refr_area_part
                0x000000000800b874      0x130 ./Core/lvgl/src/core/lv_refr.o
 .text._lv_refr_init
                0x000000000800b9a4        0x2 ./Core/lvgl/src/core/lv_refr.o
                0x000000000800b9a4                _lv_refr_init
 .text._lv_inv_area
                0x000000000800b9a6       0xcc ./Core/lvgl/src/core/lv_refr.o