../Core/Src/adc.c:19:7:map_adc	0	static
../Core/Src/adc.c:22:8:read_adc_mcuTemp	16	static
../Core/Src/adc.c:30:7:adc_in_voltage	0	static
../Core/Src/adc.c:35:7:read_adc_battery	0	static
../Core/Src/adc.c:46:7:read_adc_y	0	static
../Core/Src/adc.c:50:7:read_adc_in1	0	static
../Core/Src/adc.c:54:10:read_adc_in1_raw	0	static
../Core/Src/adc.c:58:10:read_adc_in1_potentiometer	0	static
../Core/Src/adc.c:63:7:read_adc_in2	0	static
../Core/Src/adc.c:67:7:read_adc_pt100	0	static
../Core/Src/adc.c:73:6:set_y	0	static
../Core/Src/adc.c:119:6:ini_adc_filter	8	static
../Core/Src/adc.c:128:6:adc_filter_loop	8	static
