../Core/Src/flash.c:14:6:read_settings_from_flash	8	static
../Core/Src/flash.c:18:6:write_settings_to_flash	8	static
../Core/Src/flash.c:24:9:read_setting_brightness	0	static
../Core/Src/flash.c:27:9:read_setting_volume	0	static
../Core/Src/flash.c:30:9:read_setting_vibration	0	static
../Core/Src/flash.c:33:9:read_setting_standby	0	static
../Core/Src/flash.c:36:6:write_setting_brightness	0	static
../Core/Src/flash.c:39:6:write_setting_volume	0	static
../Core/Src/flash.c:42:6:write_setting_vibration	0	static
../Core/Src/flash.c:45:6:write_setting_standby	0	static
