../Core/Src/ina219.c:21:10:Read16	32	static
../Core/Src/ina219.c:30:6:Write16	32	static
../Core/Src/ina219.c:38:10:INA219_ReadBusVoltage	8	static
../Core/Src/ina219.c:43:9:ina219_ReadBusVoltage	0	static
../Core/Src/ina219.c:48:9:INA219_ReadCurrent_raw	8	static
../Core/Src/ina219.c:53:9:INA219_ReadCurrent	8	static
../Core/Src/ina219.c:57:10:INA219_ReadShuntVolage	8	static
../Core/Src/ina219.c:62:6:INA219_Reset	8	static
../Core/Src/ina219.c:67:6:INA219_setCalibration	0	static
../Core/Src/ina219.c:71:10:INA219_getConfig	0	static
../Core/Src/ina219.c:76:6:INA219_setConfig	0	static
../Core/Src/ina219.c:80:6:INA219_setCalibration_32V_2A	8	static
../Core/Src/ina219.c:94:6:INA219_setCalibration_32V_1A	8	static
../Core/Src/ina219.c:108:6:INA219_setCalibration_16V_400mA	8	static
../Core/Src/ina219.c:122:6:INA219_setPowerMode	16	static
../Core/Src/ina219.c:154:9:INA219_Init	16	static
../Core/Src/ina219.c:175:6:ini_ina219_filter	8	static
../Core/Src/ina219.c:179:6:ina219_filter_loop	8	static
../Core/Src/ina219.c:183:9:current_ina219	0	static
