../Core/Inc/../lvgl/src/core/lv_obj_pos.h:187:20:lv_obj_center	0	static
../Core/Src/menu.c:573:13:event_handler_btn_2_actor	8	static
../Core/Src/menu.c:229:18:create_button	24	static
../Core/Src/menu.c:339:18:create_label	24	static
../Core/Inc/../lvgl/src/core/lv_disp.h:162:26:lv_scr_act	8	static
../Core/Src/menu.c:663:13:event_handler_slider_4_settings	16	static
../Core/Src/menu.c:656:13:event_handler_slider_3_settings	16	static
../Core/Src/menu.c:649:13:event_handler_slider_2_settings	16	static
../Core/Src/menu.c:642:13:event_handler_slider_1_settings	16	static
../Core/Src/menu.c:554:13:event_handler_btn_1_actor	8	static
../Core/Src/menu.c:514:13:event_handler_spinbox_2_btn_2_sensor	8	static
../Core/Src/menu.c:492:13:event_handler_spinbox_1_btn_2_sensor	8	static
../Core/Src/menu.c:503:13:event_handler_spinbox_2_btn_1_sensor	8	static
../Core/Src/menu.c:481:13:event_handler_spinbox_1_btn_1_sensor	8	static
../Core/Src/menu.c:454:13:event_handler_btn_3_sensor	8	static
../Core/Src/menu.c:592:13:event_handler_btn_3_actor	8	static
../Core/Src/menu.c:622:13:event_handler_btn_1_actor_switch	0	static
../Core/Src/menu.c:251:13:add_group_buttons.part.0.constprop	24	static
../Core/Src/menu.c:376:18:create_slider.constprop	24	static
../Core/Src/menu.c:295:13:create_conn.constprop	16	static
../Core/Src/menu.c:1006:6:draw_menu_actor_switch.part.0	32	static
../Core/Src/menu.c:612:13:event_handler_btn_5_actor	8	static
../Core/Src/menu.c:284:13:create_background_init.constprop	32	static
../Core/Src/menu.c:241:18:create_bar.constprop	24	static
../Core/Src/menu.c:267:13:create_text.constprop	32	static
../Core/Src/menu.c:927:6:draw_pt100_menu.part.0	32	static
../Core/Src/menu.c:471:13:event_handler_btn_5_sensor	8	static
../Core/Src/menu.c:956:6:draw_spinbox_measure_range1_2.part.0	56	static
../Core/Src/menu.c:445:13:event_handler_btn_2_sensor	8	static
../Core/Src/menu.c:435:13:event_handler_btn_1_sensor	8	static
../Core/Src/menu.c:64:6:print_value	16	static
../Core/Src/menu.c:128:13:timer_3_cb	24	static
../Core/Src/menu.c:67:6:print_value_bar	16	static
../Core/Src/menu.c:111:13:timer_1_cb	8	static
../Core/Src/menu.c:71:6:check_values	16	static
../Core/Src/menu.c:140:13:timer_4_cb	40	static
../Core/Src/menu.c:115:13:timer_2_cb	24	static
../Core/Src/menu.c:76:6:standby_handler	8	static
../Core/Src/menu.c:100:13:timer_0_cb	8	static
../Core/Src/menu.c:385:6:create_battery_bar	16	static
../Core/Src/menu.c:393:6:create_temperature_bar	16	static
../Core/Src/menu.c:907:6:draw_menu_main	8	static
../Core/Src/menu.c:462:13:event_handler_btn_4_sensor	8	static
../Core/Src/menu.c:601:13:event_handler_btn_4_actor	8	static
../Core/Src/menu.c:669:13:event_handler_btn_1_settings	8	static
../Core/Src/menu.c:694:13:event_handler_btn_1_info	8	static
../Core/Src/menu.c:918:6:draw_menu_sensor	8	static
../Core/Src/menu.c:402:13:event_handler_btn_1_main	8	static
../Core/Src/menu.c:927:6:draw_pt100_menu	16	static
../Core/Src/menu.c:546:13:event_handler_chart_pt100_btn_1_sensor	8	static
../Core/Src/menu.c:956:6:draw_spinbox_measure_range1_2	16	static
../Core/Src/menu.c:525:13:event_handler_spinbox_1_2_btn_1_sensor	16	static
../Core/Src/menu.c:997:6:draw_menu_actor	8	static
../Core/Src/menu.c:410:13:event_handler_btn_2_main	8	static
../Core/Src/menu.c:1006:6:draw_menu_actor_switch	8	static
../Core/Src/menu.c:631:13:event_handler_btn_2_actor_switch	8	static
../Core/Src/menu.c:1027:6:draw_menu_settings	8	static
../Core/Src/menu.c:418:13:event_handler_btn_3_main	8	static
../Core/Src/menu.c:1073:6:draw_menu_info	16	static
../Core/Src/menu.c:427:13:event_handler_btn_4_main	8	static
../Core/Src/menu.c:1080:6:init_lv_objects	64	static
../Core/Src/menu.c:1093:7:map_val	0	static
../Core/Src/menu.c:1097:6:key_up	8	static
../Core/Src/menu.c:1157:6:key_down	8	static
../Core/Src/menu.c:1233:6:key_left	16	static
../Core/Src/menu.c:1255:6:key_right	0	static
