../Core/lvgl/src/core/lv_group.c:435:21:get_indev	24	static
../Core/lvgl/src/core/lv_group.c:355:13:focus_next_core	32	static
../Core/lvgl/src/core/lv_group.c:45:6:_lv_group_init	0	static
../Core/lvgl/src/core/lv_group.c:50:14:lv_group_create	8	static
../Core/lvgl/src/core/lv_group.c:71:6:lv_group_del	16	static
../Core/lvgl/src/core/lv_group.c:90:6:lv_group_set_default	0	static
../Core/lvgl/src/core/lv_group.c:95:14:lv_group_get_default	0	static
../Core/lvgl/src/core/lv_group.c:202:6:lv_group_remove_all_objs	16	static
../Core/lvgl/src/core/lv_group.c:253:6:lv_group_focus_next	0	static
../Core/lvgl/src/core/lv_group.c:258:6:lv_group_focus_prev	0	static
../Core/lvgl/src/core/lv_group.c:341:13:lv_group_refocus	16	static
../Core/lvgl/src/core/lv_group.c:100:6:lv_group_add_obj	16	static
../Core/lvgl/src/core/lv_group.c:161:6:lv_group_remove_obj	16	static
../Core/lvgl/src/core/lv_group.c:262:6:lv_group_focus_freeze	0	static
../Core/lvgl/src/core/lv_group.c:275:6:lv_group_set_focus_cb	0	static
../Core/lvgl/src/core/lv_group.c:298:6:lv_group_set_refocus_policy	0	static
../Core/lvgl/src/core/lv_group.c:303:6:lv_group_set_wrap	0	static
../Core/lvgl/src/core/lv_group.c:308:12:lv_group_get_focused	0	static
../Core/lvgl/src/core/lv_group.c:268:10:lv_group_send_data	16	static
../Core/lvgl/src/core/lv_group.c:280:6:lv_group_set_editing	16	static
../Core/lvgl/src/core/lv_group.c:220:6:lv_group_focus_obj	24	static
../Core/lvgl/src/core/lv_group.c:142:6:lv_group_swap_obj	16	static
../Core/lvgl/src/core/lv_group.c:316:21:lv_group_get_focus_cb	0	static
../Core/lvgl/src/core/lv_group.c:322:6:lv_group_get_editing	0	static
../Core/lvgl/src/core/lv_group.c:328:6:lv_group_get_wrap	0	static
../Core/lvgl/src/core/lv_group.c:333:10:lv_group_get_obj_count	0	static
